Archive member included to satisfy reference by file (symbol)

c:/st/stm32cubeide_1.8.0/stm32cubeide/plugins/com.st.stm32cube.ide.mcu.externaltools.gnu-tools-for-stm32.9-2020-q2-update.win32_2.0.0.202105311346/tools/bin/../lib/gcc/arm-none-eabi/9.3.1/../../../../arm-none-eabi/lib/thumb/v6-m/nofp\libc_nano.a(lib_a-errno.o)
                              ./Src/syscalls.o (__errno)
c:/st/stm32cubeide_1.8.0/stm32cubeide/plugins/com.st.stm32cube.ide.mcu.externaltools.gnu-tools-for-stm32.9-2020-q2-update.win32_2.0.0.202105311346/tools/bin/../lib/gcc/arm-none-eabi/9.3.1/../../../../arm-none-eabi/lib/thumb/v6-m/nofp\libc_nano.a(lib_a-exit.o)
                              c:/st/stm32cubeide_1.8.0/stm32cubeide/plugins/com.st.stm32cube.ide.mcu.externaltools.gnu-tools-for-stm32.9-2020-q2-update.win32_2.0.0.202105311346/tools/bin/../lib/gcc/arm-none-eabi/9.3.1/../../../../arm-none-eabi/lib/thumb/v6-m/nofp/crt0.o (exit)
c:/st/stm32cubeide_1.8.0/stm32cubeide/plugins/com.st.stm32cube.ide.mcu.externaltools.gnu-tools-for-stm32.9-2020-q2-update.win32_2.0.0.202105311346/tools/bin/../lib/gcc/arm-none-eabi/9.3.1/../../../../arm-none-eabi/lib/thumb/v6-m/nofp\libc_nano.a(lib_a-impure.o)
                              c:/st/stm32cubeide_1.8.0/stm32cubeide/plugins/com.st.stm32cube.ide.mcu.externaltools.gnu-tools-for-stm32.9-2020-q2-update.win32_2.0.0.202105311346/tools/bin/../lib/gcc/arm-none-eabi/9.3.1/../../../../arm-none-eabi/lib/thumb/v6-m/nofp\libc_nano.a(lib_a-exit.o) (_global_impure_ptr)
c:/st/stm32cubeide_1.8.0/stm32cubeide/plugins/com.st.stm32cube.ide.mcu.externaltools.gnu-tools-for-stm32.9-2020-q2-update.win32_2.0.0.202105311346/tools/bin/../lib/gcc/arm-none-eabi/9.3.1/../../../../arm-none-eabi/lib/thumb/v6-m/nofp\libc_nano.a(lib_a-init.o)
                              c:/st/stm32cubeide_1.8.0/stm32cubeide/plugins/com.st.stm32cube.ide.mcu.externaltools.gnu-tools-for-stm32.9-2020-q2-update.win32_2.0.0.202105311346/tools/bin/../lib/gcc/arm-none-eabi/9.3.1/../../../../arm-none-eabi/lib/thumb/v6-m/nofp/crt0.o (__libc_init_array)
c:/st/stm32cubeide_1.8.0/stm32cubeide/plugins/com.st.stm32cube.ide.mcu.externaltools.gnu-tools-for-stm32.9-2020-q2-update.win32_2.0.0.202105311346/tools/bin/../lib/gcc/arm-none-eabi/9.3.1/../../../../arm-none-eabi/lib/thumb/v6-m/nofp\libc_nano.a(lib_a-memcpy-stub.o)
                              ./Src/User_Application.o (memcpy)
c:/st/stm32cubeide_1.8.0/stm32cubeide/plugins/com.st.stm32cube.ide.mcu.externaltools.gnu-tools-for-stm32.9-2020-q2-update.win32_2.0.0.202105311346/tools/bin/../lib/gcc/arm-none-eabi/9.3.1/../../../../arm-none-eabi/lib/thumb/v6-m/nofp\libc_nano.a(lib_a-memset.o)
                              c:/st/stm32cubeide_1.8.0/stm32cubeide/plugins/com.st.stm32cube.ide.mcu.externaltools.gnu-tools-for-stm32.9-2020-q2-update.win32_2.0.0.202105311346/tools/bin/../lib/gcc/arm-none-eabi/9.3.1/../../../../arm-none-eabi/lib/thumb/v6-m/nofp/crt0.o (memset)
c:/st/stm32cubeide_1.8.0/stm32cubeide/plugins/com.st.stm32cube.ide.mcu.externaltools.gnu-tools-for-stm32.9-2020-q2-update.win32_2.0.0.202105311346/tools/bin/../lib/gcc/arm-none-eabi/9.3.1/../../../../arm-none-eabi/lib/thumb/v6-m/nofp\libc_nano.a(lib_a-sprintf.o)
                              ./Src/User_Beacon.o (sprintf)
c:/st/stm32cubeide_1.8.0/stm32cubeide/plugins/com.st.stm32cube.ide.mcu.externaltools.gnu-tools-for-stm32.9-2020-q2-update.win32_2.0.0.202105311346/tools/bin/../lib/gcc/arm-none-eabi/9.3.1/../../../../arm-none-eabi/lib/thumb/v6-m/nofp\libc_nano.a(lib_a-strcat.o)
                              ./Src/User_Application.o (strcat)
c:/st/stm32cubeide_1.8.0/stm32cubeide/plugins/com.st.stm32cube.ide.mcu.externaltools.gnu-tools-for-stm32.9-2020-q2-update.win32_2.0.0.202105311346/tools/bin/../lib/gcc/arm-none-eabi/9.3.1/../../../../arm-none-eabi/lib/thumb/v6-m/nofp\libc_nano.a(lib_a-strcpy.o)
                              ./Src/User_Beacon.o (strcpy)
c:/st/stm32cubeide_1.8.0/stm32cubeide/plugins/com.st.stm32cube.ide.mcu.externaltools.gnu-tools-for-stm32.9-2020-q2-update.win32_2.0.0.202105311346/tools/bin/../lib/gcc/arm-none-eabi/9.3.1/../../../../arm-none-eabi/lib/thumb/v6-m/nofp\libc_nano.a(lib_a-strstr.o)
                              ./Src/User_Beacon.o (strstr)
c:/st/stm32cubeide_1.8.0/stm32cubeide/plugins/com.st.stm32cube.ide.mcu.externaltools.gnu-tools-for-stm32.9-2020-q2-update.win32_2.0.0.202105311346/tools/bin/../lib/gcc/arm-none-eabi/9.3.1/../../../../arm-none-eabi/lib/thumb/v6-m/nofp\libc_nano.a(lib_a-nano-svfprintf.o)
                              c:/st/stm32cubeide_1.8.0/stm32cubeide/plugins/com.st.stm32cube.ide.mcu.externaltools.gnu-tools-for-stm32.9-2020-q2-update.win32_2.0.0.202105311346/tools/bin/../lib/gcc/arm-none-eabi/9.3.1/../../../../arm-none-eabi/lib/thumb/v6-m/nofp\libc_nano.a(lib_a-sprintf.o) (_svfprintf_r)
[...]
Memory Configuration

Name             Origin             Length             Attributes
RAM              0x0000000020000000 0x0000000000005000 xrw
FLASH            0x0000000008000000 0x0000000000030000 xr
*default*        0x0000000000000000 0xffffffffffffffff

Linker script and memory map

LOAD c:/st/stm32cubeide_1.8.0/stm32cubeide/plugins/com.st.stm32cube.ide.mcu.externaltools.gnu-tools-for-stm32.9-2020-q2-update.win32_2.0.0.202105311346/tools/bin/../lib/gcc/arm-none-eabi/9.3.1/thumb/v6-m/nofp/crti.o
LOAD c:/st/stm32cubeide_1.8.0/stm32cubeide/plugins/com.st.stm32cube.ide.mcu.externaltools.gnu-tools-for-stm32.9-2020-q2-update.win32_2.0.0.202105311346/tools/bin/../lib/gcc/arm-none-eabi/9.3.1/thumb/v6-m/nofp/crtbegin.o
LOAD c:/st/stm32cubeide_1.8.0/stm32cubeide/plugins/com.st.stm32cube.ide.mcu.externaltools.gnu-tools-for-stm32.9-2020-q2-update.win32_2.0.0.202105311346/tools/bin/../lib/gcc/arm-none-eabi/9.3.1/../../../../arm-none-eabi/lib/thumb/v6-m/nofp/crt0.o
LOAD ./Drivers/STM32L0xx_HAL_Driver/Src/stm32l0xx_hal.o
LOAD ./Drivers/STM32L0xx_HAL_Driver/Src/stm32l0xx_hal_adc.o
LOAD ./Drivers/STM32L0xx_HAL_Driver/Src/stm32l0xx_hal_adc_ex.o
LOAD ./Drivers/STM32L0xx_HAL_Driver/Src/stm32l0xx_hal_cortex.o
LOAD ./Drivers/STM32L0xx_HAL_Driver/Src/stm32l0xx_hal_dma.o
LOAD ./Drivers/STM32L0xx_HAL_Driver/Src/stm32l0xx_hal_exti.o
LOAD ./Drivers/STM32L0xx_HAL_Driver/Src/stm32l0xx_hal_flash.o
LOAD ./Drivers/STM32L0xx_HAL_Driver/Src/stm32l0xx_hal_flash_ex.o
LOAD ./Drivers/STM32L0xx_HAL_Driver/Src/stm32l0xx_hal_flash_ramfunc.o
LOAD ./Drivers/STM32L0xx_HAL_Driver/Src/stm32l0xx_hal_gpio.o
LOAD ./Drivers/STM32L0xx_HAL_Driver/Src/stm32l0xx_hal_i2c.o
LOAD ./Drivers/STM32L0xx_HAL_Driver/Src/stm32l0xx_hal_i2c_ex.o
LOAD ./Drivers/STM32L0xx_HAL_Driver/Src/stm32l0xx_hal_pwr.o
LOAD ./Drivers/STM32L0xx_HAL_Driver/Src/stm32l0xx_hal_pwr_ex.o
LOAD ./Drivers/STM32L0xx_HAL_Driver/Src/stm32l0xx_hal_rcc.o
LOAD ./Drivers/STM32L0xx_HAL_Driver/Src/stm32l0xx_hal_rcc_ex.o
LOAD ./Drivers/STM32L0xx_HAL_Driver/Src/stm32l0xx_hal_rtc.o
LOAD ./Drivers/STM32L0xx_HAL_Driver/Src/stm32l0xx_hal_rtc_ex.o
LOAD ./Drivers/STM32L0xx_HAL_Driver/Src/stm32l0xx_hal_spi.o
LOAD ./Drivers/STM32L0xx_HAL_Driver/Src/stm32l0xx_hal_tim.o
LOAD ./Drivers/STM32L0xx_HAL_Driver/Src/stm32l0xx_hal_tim_ex.o
LOAD ./Drivers/STM32L0xx_HAL_Driver/Src/stm32l0xx_hal_uart.o
LOAD ./Drivers/STM32L0xx_HAL_Driver/Src/stm32l0xx_hal_uart_ex.o
LOAD ./Src/ED037TC2.o
LOAD ./Src/ED037TC2_partial_refresh.o
LOAD ./Src/Global.o
LOAD ./Src/Screens.o
LOAD ./Src/User_ADC.o
LOAD ./Src/User_Application.o
LOAD ./Src/User_Beacon.o
LOAD ./Src/User_Buzzer.o
LOAD ./Src/User_CRC.o
LOAD ./Src/User_ISRs.o
LOAD ./Src/User_UART.o
LOAD ./Src/adc.o
LOAD ./Src/dma.o
LOAD ./Src/gpio.o
LOAD ./Src/main.o
LOAD ./Src/rtc.o
LOAD ./Src/spi.o
LOAD ./Src/stm32l0xx_hal_msp.o
LOAD ./Src/stm32l0xx_it.o
LOAD ./Src/syscalls.o
LOAD ./Src/system_stm32l0xx.o
LOAD ./Src/tim.o
LOAD ./Src/usart.o
LOAD ./startup/startup_stm32l073xx.o
START GROUP
LOAD c:/st/stm32cubeide_1.8.0/stm32cubeide/plugins/com.st.stm32cube.ide.mcu.externaltools.gnu-tools-for-stm32.9-2020-q2-update.win32_2.0.0.202105311346/tools/bin/../lib/gcc/arm-none-eabi/9.3.1/../../../../arm-none-eabi/lib/thumb/v6-m/nofp\libc_nano.a
LOAD c:/st/stm32cubeide_1.8.0/stm32cubeide/plugins/com.st.stm32cube.ide.mcu.externaltools.gnu-tools-for-stm32.9-2020-q2-update.win32_2.0.0.202105311346/tools/bin/../lib/gcc/arm-none-eabi/9.3.1/../../../../arm-none-eabi/lib/thumb/v6-m/nofp\libm.a
END GROUP
START GROUP
LOAD c:/st/stm32cubeide_1.8.0/stm32cubeide/plugins/com.st.stm32cube.ide.mcu.externaltools.gnu-tools-for-stm32.9-2020-q2-update.win32_2.0.0.202105311346/tools/bin/../lib/gcc/arm-none-eabi/9.3.1/thumb/v6-m/nofp\libgcc.a
LOAD c:/st/stm32cubeide_1.8.0/stm32cubeide/plugins/com.st.stm32cube.ide.mcu.externaltools.gnu-tools-for-stm32.9-2020-q2-update.win32_2.0.0.202105311346/tools/bin/../lib/gcc/arm-none-eabi/9.3.1/../../../../arm-none-eabi/lib/thumb/v6-m/nofp\libc_nano.a
END GROUP
START GROUP
LOAD c:/st/stm32cubeide_1.8.0/stm32cubeide/plugins/com.st.stm32cube.ide.mcu.externaltools.gnu-tools-for-stm32.9-2020-q2-update.win32_2.0.0.202105311346/tools/bin/../lib/gcc/arm-none-eabi/9.3.1/thumb/v6-m/nofp\libgcc.a
LOAD c:/st/stm32cubeide_1.8.0/stm32cubeide/plugins/com.st.stm32cube.ide.mcu.externaltools.gnu-tools-for-stm32.9-2020-q2-update.win32_2.0.0.202105311346/tools/bin/../lib/gcc/arm-none-eabi/9.3.1/../../../../arm-none-eabi/lib/thumb/v6-m/nofp\libc_nano.a
LOAD c:/st/stm32cubeide_1.8.0/stm32cubeide/plugins/com.st.stm32cube.ide.mcu.externaltools.gnu-tools-for-stm32.9-2020-q2-update.win32_2.0.0.202105311346/tools/bin/../lib/gcc/arm-none-eabi/9.3.1/../../../../arm-none-eabi/lib/thumb/v6-m/nofp\libnosys.a
END GROUP
START GROUP
LOAD c:/st/stm32cubeide_1.8.0/stm32cubeide/plugins/com.st.stm32cube.ide.mcu.externaltools.gnu-tools-for-stm32.9-2020-q2-update.win32_2.0.0.202105311346/tools/bin/../lib/gcc/arm-none-eabi/9.3.1/thumb/v6-m/nofp\libgcc.a
LOAD c:/st/stm32cubeide_1.8.0/stm32cubeide/plugins/com.st.stm32cube.ide.mcu.externaltools.gnu-tools-for-stm32.9-2020-q2-update.win32_2.0.0.202105311346/tools/bin/../lib/gcc/arm-none-eabi/9.3.1/../../../../arm-none-eabi/lib/thumb/v6-m/nofp\libc_nano.a
LOAD c:/st/stm32cubeide_1.8.0/stm32cubeide/plugins/com.st.stm32cube.ide.mcu.externaltools.gnu-tools-for-stm32.9-2020-q2-update.win32_2.0.0.202105311346/tools/bin/../lib/gcc/arm-none-eabi/9.3.1/../../../../arm-none-eabi/lib/thumb/v6-m/nofp\libnosys.a
END GROUP
LOAD c:/st/stm32cubeide_1.8.0/stm32cubeide/plugins/com.st.stm32cube.ide.mcu.externaltools.gnu-tools-for-stm32.9-2020-q2-update.win32_2.0.0.202105311346/tools/bin/../lib/gcc/arm-none-eabi/9.3.1/thumb/v6-m/nofp/crtend.o
LOAD c:/st/stm32cubeide_1.8.0/stm32cubeide/plugins/com.st.stm32cube.ide.mcu.externaltools.gnu-tools-for-stm32.9-2020-q2-update.win32_2.0.0.202105311346/tools/bin/../lib/gcc/arm-none-eabi/9.3.1/thumb/v6-m/nofp/crtn.o
                0x0000000020005000                _estack = 0x20005000
                0x0000000000000200                _Min_Heap_Size = 0x200
                0x0000000000000400                _Min_Stack_Size = 0x400

.isr_vector     0x0000000008000000       0xc0
                0x0000000008000000                . = ALIGN (0x4)
 *(.isr_vector)
 .isr_vector    0x0000000008000000       0xc0 ./startup/startup_stm32l073xx.o
                0x0000000008000000                g_pfnVectors
                0x00000000080000c0                . = ALIGN (0x4)

.text           0x00000000080000c0     0xc6fc
                0x00000000080000c0                . = ALIGN (0x4)
 *(.text)
 .text          0x00000000080000c0       0x48 c:/st/stm32cubeide_1.8.0/stm32cubeide/plugins/com.st.stm32cube.ide.mcu.externaltools.gnu-tools-for-stm32.9-2020-q2-update.win32_2.0.0.202105311346/tools/bin/../lib/gcc/arm-none-eabi/9.3.1/thumb/v6-m/nofp/crtbegin.o
 .text          0x0000000008000108       0x14 c:/st/stm32cubeide_1.8.0/stm32cubeide/plugins/com.st.stm32cube.ide.mcu.externaltools.gnu-tools-for-stm32.9-2020-q2-update.win32_2.0.0.202105311346/tools/bin/../lib/gcc/arm-none-eabi/9.3.1/thumb/v6-m/nofp\libgcc.a(_thumb1_case_shi.o)
                0x0000000008000108                __gnu_thumb1_case_shi
 .text          0x000000000800011c      0x114 c:/st/stm32cubeide_1.8.0/stm32cubeide/plugins/com.st.stm32cube.ide.mcu.externaltools.gnu-tools-for-stm32.9-2020-q2-update.win32_2.0.0.202105311346/tools/bin/../lib/gcc/arm-none-eabi/9.3.1/thumb/v6-m/nofp\libgcc.a(_udivsi3.o)
                0x000000000800011c                __aeabi_uidiv
                0x000000000800011c                __udivsi3
                0x0000000008000228                __aeabi_uidivmod
 .text          0x0000000008000230      0x1d4 c:/st/stm32cubeide_1.8.0/stm32cubeide/plugins/com.st.stm32cube.ide.mcu.externaltools.gnu-tools-for-stm32.9-2020-q2-update.win32_2.0.0.202105311346/tools/bin/../lib/gcc/arm-none-eabi/9.3.1/thumb/v6-m/nofp\libgcc.a(_divsi3.o)
                0x0000000008000230                __divsi3
                0x0000000008000230                __aeabi_idiv
                0x00000000080003fc                __aeabi_idivmod
 .text          0x0000000008000404        0x4 c:/st/stm32cubeide_1.8.0/stm32cubeide/plugins/com.st.stm32cube.ide.mcu.externaltools.gnu-tools-for-stm32.9-2020-q2-update.win32_2.0.0.202105311346/tools/bin/../lib/gcc/arm-none-eabi/9.3.1/thumb/v6-m/nofp\libgcc.a(_dvmd_tls.o)
                0x0000000008000404                __aeabi_idiv0
                0x0000000008000404                __aeabi_ldiv0
 .text          0x0000000008000408       0x7c c:/st/stm32cubeide_1.8.0/stm32cubeide/plugins/com.st.stm32cube.ide.mcu.externaltools.gnu-tools-for-stm32.9-2020-q2-update.win32_2.0.0.202105311346/tools/bin/../lib/gcc/arm-none-eabi/9.3.1/thumb/v6-m/nofp\libgcc.a(_arm_cmpdf2.o)
                0x0000000008000408                __aeabi_cdrcmple
                0x0000000008000418                __aeabi_cdcmple
                0x0000000008000418                __aeabi_cdcmpeq
                0x0000000008000428                __aeabi_dcmpeq
                0x0000000008000434                __aeabi_dcmplt
                0x0000000008000448                __aeabi_dcmple
                0x000000000800045c                __aeabi_dcmpgt
                0x0000000008000470                __aeabi_dcmpge
 .text          0x0000000008000484       0x40 c:/st/stm32cubeide_1.8.0/stm32cubeide/plugins/com.st.stm32cube.ide.mcu.externaltools.gnu-tools-for-stm32.9-2020-q2-update.win32_2.0.0.202105311346/tools/bin/../lib/gcc/arm-none-eabi/9.3.1/thumb/v6-m/nofp\libgcc.a(_aeabi_uldivmod.o)
                0x0000000008000484                __aeabi_uldivmod
 .text          0x00000000080004c4       0x50 c:/st/stm32cubeide_1.8.0/stm32cubeide/plugins/com.st.stm32cube.ide.mcu.externaltools.gnu-tools-for-stm32.9-2020-q2-update.win32_2.0.0.202105311346/tools/bin/../lib/gcc/arm-none-eabi/9.3.1/thumb/v6-m/nofp\libgcc.a(_muldi3.o)
                0x00000000080004c4                __muldi3
                0x00000000080004c4                __aeabi_lmul
 .text          0x0000000008000514       0x3c c:/st/stm32cubeide_1.8.0/stm32cubeide/plugins/com.st.stm32cube.ide.mcu.externaltools.gnu-tools-for-stm32.9-2020-q2-update.win32_2.0.0.202105311346/tools/bin/../lib/gcc/arm-none-eabi/9.3.1/thumb/v6-m/nofp\libgcc.a(_fixunsdfsi.o)
                0x0000000008000514                __aeabi_d2uiz
                0x0000000008000514                __fixunsdfsi
 .text          0x0000000008000550      0x198 c:/st/stm32cubeide_1.8.0/stm32cubeide/plugins/com.st.stm32cube.ide.mcu.externaltools.gnu-tools-for-stm32.9-2020-q2-update.win32_2.0.0.202105311346/tools/bin/../lib/gcc/arm-none-eabi/9.3.1/thumb/v6-m/nofp\libgcc.a(_udivmoddi4.o)
                0x0000000008000550                __udivmoddi4
 .text          0x00000000080006e8      0x6d4 c:/st/stm32cubeide_1.8.0/stm32cubeide/plugins/com.st.stm32cube.ide.mcu.externaltools.gnu-tools-for-stm32.9-2020-q2-update.win32_2.0.0.202105311346/tools/bin/../lib/gcc/arm-none-eabi/9.3.1/thumb/v6-m/nofp\libgcc.a(adddf3.o)
                0x00000000080006e8                __aeabi_dadd
 .text          0x0000000008000dbc      0x5d0 c:/st/stm32cubeide_1.8.0/stm32cubeide/plugins/com.st.stm32cube.ide.mcu.externaltools.gnu-tools-for-stm32.9-2020-q2-update.win32_2.0.0.202105311346/tools/bin/../lib/gcc/arm-none-eabi/9.3.1/thumb/v6-m/nofp\libgcc.a(divdf3.o)
                0x0000000008000dbc                __aeabi_ddiv
 .text          0x000000000800138c       0x78 c:/st/stm32cubeide_1.8.0/stm32cubeide/plugins/com.st.stm32cube.ide.mcu.externaltools.gnu-tools-for-stm32.9-2020-q2-update.win32_2.0.0.202105311346/tools/bin/../lib/gcc/arm-none-eabi/9.3.1/thumb/v6-m/nofp\libgcc.a(eqdf2.o)
                0x000000000800138c                __nedf2
                0x000000000800138c                __eqdf2
 .text          0x0000000008001404       0xe4 c:/st/stm32cubeide_1.8.0/stm32cubeide/plugins/com.st.stm32cube.ide.mcu.externaltools.gnu-tools-for-stm32.9-2020-q2-update.win32_2.0.0.202105311346/tools/bin/../lib/gcc/arm-none-eabi/9.3.1/thumb/v6-m/nofp\libgcc.a(gedf2.o)
                0x0000000008001404                __gedf2
                0x0000000008001404                __gtdf2
 .text          0x00000000080014e8       0xe0 c:/st/stm32cubeide_1.8.0/stm32cubeide/plugins/com.st.stm32cube.ide.mcu.externaltools.gnu-tools-for-stm32.9-2020-q2-update.win32_2.0.0.202105311346/tools/bin/../lib/gcc/arm-none-eabi/9.3.1/thumb/v6-m/nofp\libgcc.a(ledf2.o)
                0x00000000080014e8                __ledf2
                0x00000000080014e8                __ltdf2
 .text          0x00000000080015c8      0x4d8 c:/st/stm32cubeide_1.8.0/stm32cubeide/plugins/com.st.stm32cube.ide.mcu.externaltools.gnu-tools-for-stm32.9-2020-q2-update.win32_2.0.0.202105311346/tools/bin/../lib/gcc/arm-none-eabi/9.3.1/thumb/v6-m/nofp\libgcc.a(muldf3.o)
                0x00000000080015c8                __aeabi_dmul
 .text          0x0000000008001aa0      0x724 c:/st/stm32cubeide_1.8.0/stm32cubeide/plugins/com.st.stm32cube.ide.mcu.externaltools.gnu-tools-for-stm32.9-2020-q2-update.win32_2.0.0.202105311346/tools/bin/../lib/gcc/arm-none-eabi/9.3.1/thumb/v6-m/nofp\libgcc.a(subdf3.o)
                0x0000000008001aa0                __aeabi_dsub
 .text          0x00000000080021c4       0x3c c:/st/stm32cubeide_1.8.0/stm32cubeide/plugins/com.st.stm32cube.ide.mcu.externaltools.gnu-tools-for-stm32.9-2020-q2-update.win32_2.0.0.202105311346/tools/bin/../lib/gcc/arm-none-eabi/9.3.1/thumb/v6-m/nofp\libgcc.a(unorddf2.o)
                0x00000000080021c4                __aeabi_dcmpun
 .text          0x0000000008002200       0x6c c:/st/stm32cubeide_1.8.0/stm32cubeide/plugins/com.st.stm32cube.ide.mcu.externaltools.gnu-tools-for-stm32.9-2020-q2-update.win32_2.0.0.202105311346/tools/bin/../lib/gcc/arm-none-eabi/9.3.1/thumb/v6-m/nofp\libgcc.a(fixdfsi.o)
                0x0000000008002200                __aeabi_d2iz
 .text          0x000000000800226c       0x60 c:/st/stm32cubeide_1.8.0/stm32cubeide/plugins/com.st.stm32cube.ide.mcu.externaltools.gnu-tools-for-stm32.9-2020-q2-update.win32_2.0.0.202105311346/tools/bin/../lib/gcc/arm-none-eabi/9.3.1/thumb/v6-m/nofp\libgcc.a(floatsidf.o)
                0x000000000800226c                __aeabi_i2d
 .text          0x00000000080022cc       0x4c c:/st/stm32cubeide_1.8.0/stm32cubeide/plugins/com.st.stm32cube.ide.mcu.externaltools.gnu-tools-for-stm32.9-2020-q2-update.win32_2.0.0.202105311346/tools/bin/../lib/gcc/arm-none-eabi/9.3.1/thumb/v6-m/nofp\libgcc.a(floatunsidf.o)
                0x00000000080022cc                __aeabi_ui2d
 .text          0x0000000008002318       0x3c c:/st/stm32cubeide_1.8.0/stm32cubeide/plugins/com.st.stm32cube.ide.mcu.externaltools.gnu-tools-for-stm32.9-2020-q2-update.win32_2.0.0.202105311346/tools/bin/../lib/gcc/arm-none-eabi/9.3.1/thumb/v6-m/nofp\libgcc.a(_clzsi2.o)
                0x0000000008002318                __clzsi2
 .text          0x0000000008002354       0x18 c:/st/stm32cubeide_1.8.0/stm32cubeide/plugins/com.st.stm32cube.ide.mcu.externaltools.gnu-tools-for-stm32.9-2020-q2-update.win32_2.0.0.202105311346/tools/bin/../lib/gcc/arm-none-eabi/9.3.1/thumb/v6-m/nofp\libgcc.a(_clzdi2.o)
                0x0000000008002354                __clzdi2
 *(.text*)
 .text.HAL_InitTick
                0x000000000800236c       0x4c ./Drivers/STM32L0xx_HAL_Driver/Src/stm32l0xx_hal.o
                0x000000000800236c                HAL_InitTick
 .text.HAL_Init
                0x00000000080023b8       0x28 ./Drivers/STM32L0xx_HAL_Driver/Src/stm32l0xx_hal.o
                0x00000000080023b8                HAL_Init
 .text.HAL_IncTick
                0x00000000080023e0       0x18 ./Drivers/STM32L0xx_HAL_Driver/Src/stm32l0xx_hal.o
                0x00000000080023e0                HAL_IncTick
 .text.HAL_GetTick
                0x00000000080023f8        0xc ./Drivers/STM32L0xx_HAL_Driver/Src/stm32l0xx_hal.o
                0x00000000080023f8                HAL_GetTick
 .text.HAL_Delay
                0x0000000008002404       0x24 ./Drivers/STM32L0xx_HAL_Driver/Src/stm32l0xx_hal.o
                0x0000000008002404                HAL_Delay
 .text.HAL_SuspendTick
                0x0000000008002428       0x10 ./Drivers/STM32L0xx_HAL_Driver/Src/stm32l0xx_hal.o
                0x0000000008002428                HAL_SuspendTick
 .text.HAL_ResumeTick
                0x0000000008002438       0x10 ./Drivers/STM32L0xx_HAL_Driver/Src/stm32l0xx_hal.o
                0x0000000008002438                HAL_ResumeTick
 .text.ADC_DelayMicroSecond
                0x0000000008002448       0x30 ./Drivers/STM32L0xx_HAL_Driver/Src/stm32l0xx_hal_adc.o
 .text.ADC_Enable
                0x0000000008002478       0x80 ./Drivers/STM32L0xx_HAL_Driver/Src/stm32l0xx_hal_adc.o
 .text.HAL_ADC_Init
                0x00000000080024f8      0x1ec ./Drivers/STM32L0xx_HAL_Driver/Src/stm32l0xx_hal_adc.o
                0x00000000080024f8                HAL_ADC_Init
 .text.HAL_ADC_Start_IT
                0x00000000080026e4       0x88 ./Drivers/STM32L0xx_HAL_Driver/Src/stm32l0xx_hal_adc.o
                0x00000000080026e4                HAL_ADC_Start_IT
 .text.HAL_ADC_Start_DMA
                0x000000000800276c       0xa4 ./Drivers/STM32L0xx_HAL_Driver/Src/stm32l0xx_hal_adc.o
                0x000000000800276c                HAL_ADC_Start_DMA
 .text.HAL_ADC_ConvCpltCallback
                0x0000000008002810        0x2 ./Drivers/STM32L0xx_HAL_Driver/Src/stm32l0xx_hal_adc.o
                0x0000000008002810                HAL_ADC_ConvCpltCallback
 *fill*         0x0000000008002812        0x2 
 .text.ADC_DMAConvCplt
                0x0000000008002814       0x74 ./Drivers/STM32L0xx_HAL_Driver/Src/stm32l0xx_hal_adc.o
 .text.HAL_ADC_ConvHalfCpltCallback
                0x0000000008002888        0x2 ./Drivers/STM32L0xx_HAL_Driver/Src/stm32l0xx_hal_adc.o
                0x0000000008002888                HAL_ADC_ConvHalfCpltCallback
 .text.ADC_DMAHalfConvCplt
                0x000000000800288a        0xa ./Drivers/STM32L0xx_HAL_Driver/Src/stm32l0xx_hal_adc.o
 .text.HAL_ADC_LevelOutOfWindowCallback
                0x0000000008002894        0x2 ./Drivers/STM32L0xx_HAL_Driver/Src/stm32l0xx_hal_adc.o
                0x0000000008002894                HAL_ADC_LevelOutOfWindowCallback
 .text.HAL_ADC_ErrorCallback
                0x0000000008002896        0x2 ./Drivers/STM32L0xx_HAL_Driver/Src/stm32l0xx_hal_adc.o
                0x0000000008002896                HAL_ADC_ErrorCallback
 .text.ADC_DMAError
                0x0000000008002898       0x1a ./Drivers/STM32L0xx_HAL_Driver/Src/stm32l0xx_hal_adc.o
 *fill*         0x00000000080028b2        0x2 
 .text.HAL_ADC_IRQHandler
                0x00000000080028b4       0xe4 ./Drivers/STM32L0xx_HAL_Driver/Src/stm32l0xx_hal_adc.o
                0x00000000080028b4                HAL_ADC_IRQHandler
 .text.HAL_ADC_ConfigChannel
                0x0000000008002998       0xe0 ./Drivers/STM32L0xx_HAL_Driver/Src/stm32l0xx_hal_adc.o
                0x0000000008002998                HAL_ADC_ConfigChannel
 .text.HAL_ADCEx_Calibration_Start
                0x0000000008002a78       0xb0 ./Drivers/STM32L0xx_HAL_Driver/Src/stm32l0xx_hal_adc_ex.o
                0x0000000008002a78                HAL_ADCEx_Calibration_Start
 .text.HAL_NVIC_SetPriority
                0x0000000008002b28       0x60 ./Drivers/STM32L0xx_HAL_Driver/Src/stm32l0xx_hal_cortex.o
                0x0000000008002b28                HAL_NVIC_SetPriority
 .text.HAL_NVIC_EnableIRQ
                0x0000000008002b88       0x18 ./Drivers/STM32L0xx_HAL_Driver/Src/stm32l0xx_hal_cortex.o
                0x0000000008002b88                HAL_NVIC_EnableIRQ
 .text.HAL_NVIC_DisableIRQ
                0x0000000008002ba0       0x20 ./Drivers/STM32L0xx_HAL_Driver/Src/stm32l0xx_hal_cortex.o
                0x0000000008002ba0                HAL_NVIC_DisableIRQ
 .text.HAL_SYSTICK_Config
                0x0000000008002bc0       0x38 ./Drivers/STM32L0xx_HAL_Driver/Src/stm32l0xx_hal_cortex.o
                0x0000000008002bc0                HAL_SYSTICK_Config
 .text.DMA_SetConfig
                0x0000000008002bf8       0x2e ./Drivers/STM32L0xx_HAL_Driver/Src/stm32l0xx_hal_dma.o
 *fill*         0x0000000008002c26        0x2 
 .text.HAL_DMA_Init
                0x0000000008002c28       0x98 ./Drivers/STM32L0xx_HAL_Driver/Src/stm32l0xx_hal_dma.o
                0x0000000008002c28                HAL_DMA_Init
 .text.HAL_DMA_DeInit
                0x0000000008002cc0       0x6c ./Drivers/STM32L0xx_HAL_Driver/Src/stm32l0xx_hal_dma.o
                0x0000000008002cc0                HAL_DMA_DeInit
 .text.HAL_DMA_Start_IT
                0x0000000008002d2c       0x76 ./Drivers/STM32L0xx_HAL_Driver/Src/stm32l0xx_hal_dma.o
                0x0000000008002d2c                HAL_DMA_Start_IT
 .text.HAL_DMA_Abort
                0x0000000008002da2       0x48 ./Drivers/STM32L0xx_HAL_Driver/Src/stm32l0xx_hal_dma.o
                0x0000000008002da2                HAL_DMA_Abort
 .text.HAL_DMA_Abort_IT
                0x0000000008002dea       0x4e ./Drivers/STM32L0xx_HAL_Driver/Src/stm32l0xx_hal_dma.o
                0x0000000008002dea                HAL_DMA_Abort_IT
 .text.HAL_DMA_IRQHandler
                0x0000000008002e38       0xba ./Drivers/STM32L0xx_HAL_Driver/Src/stm32l0xx_hal_dma.o
                0x0000000008002e38                HAL_DMA_IRQHandler
 *fill*         0x0000000008002ef2        0x2 
 .text.HAL_GPIO_Init
                0x0000000008002ef4      0x19c ./Drivers/STM32L0xx_HAL_Driver/Src/stm32l0xx_hal_gpio.o
                0x0000000008002ef4                HAL_GPIO_Init
 .text.HAL_GPIO_DeInit
                0x0000000008003090      0x114 ./Drivers/STM32L0xx_HAL_Driver/Src/stm32l0xx_hal_gpio.o
                0x0000000008003090                HAL_GPIO_DeInit
 .text.HAL_GPIO_ReadPin
                0x00000000080031a4        0xe ./Drivers/STM32L0xx_HAL_Driver/Src/stm32l0xx_hal_gpio.o
                0x00000000080031a4                HAL_GPIO_ReadPin
 .text.HAL_GPIO_WritePin
                0x00000000080031b2        0xc ./Drivers/STM32L0xx_HAL_Driver/Src/stm32l0xx_hal_gpio.o
                0x00000000080031b2                HAL_GPIO_WritePin
 .text.HAL_GPIO_EXTI_Callback
                0x00000000080031be        0x2 ./Drivers/STM32L0xx_HAL_Driver/Src/stm32l0xx_hal_gpio.o
                0x00000000080031be                HAL_GPIO_EXTI_Callback
 .text.HAL_GPIO_EXTI_IRQHandler
                0x00000000080031c0       0x1c ./Drivers/STM32L0xx_HAL_Driver/Src/stm32l0xx_hal_gpio.o
                0x00000000080031c0                HAL_GPIO_EXTI_IRQHandler
 .text.HAL_PWR_EnableBkUpAccess
                0x00000000080031dc       0x14 ./Drivers/STM32L0xx_HAL_Driver/Src/stm32l0xx_hal_pwr.o
                0x00000000080031dc                HAL_PWR_EnableBkUpAccess
 .text.HAL_PWR_EnterSTOPMode
                0x00000000080031f0       0x80 ./Drivers/STM32L0xx_HAL_Driver/Src/stm32l0xx_hal_pwr.o
                0x00000000080031f0                HAL_PWR_EnterSTOPMode
 .text.HAL_PWREx_EnableUltraLowPower
                0x0000000008003270       0x14 ./Drivers/STM32L0xx_HAL_Driver/Src/stm32l0xx_hal_pwr_ex.o
                0x0000000008003270                HAL_PWREx_EnableUltraLowPower
 .text.HAL_RCC_GetSysClockFreq
                0x0000000008003284       0xb0 ./Drivers/STM32L0xx_HAL_Driver/Src/stm32l0xx_hal_rcc.o
                0x0000000008003284                HAL_RCC_GetSysClockFreq
 .text.HAL_RCC_OscConfig
                0x0000000008003334      0x598 ./Drivers/STM32L0xx_HAL_Driver/Src/stm32l0xx_hal_rcc.o
                0x0000000008003334                HAL_RCC_OscConfig
 .text.HAL_RCC_ClockConfig
                0x00000000080038cc      0x1d8 ./Drivers/STM32L0xx_HAL_Driver/Src/stm32l0xx_hal_rcc.o
                0x00000000080038cc                HAL_RCC_ClockConfig
 .text.HAL_RCC_GetHCLKFreq
                0x0000000008003aa4        0xc ./Drivers/STM32L0xx_HAL_Driver/Src/stm32l0xx_hal_rcc.o
                0x0000000008003aa4                HAL_RCC_GetHCLKFreq
 .text.HAL_RCC_GetPCLK1Freq
                0x0000000008003ab0       0x20 ./Drivers/STM32L0xx_HAL_Driver/Src/stm32l0xx_hal_rcc.o
                0x0000000008003ab0                HAL_RCC_GetPCLK1Freq
 .text.HAL_RCC_GetPCLK2Freq
                0x0000000008003ad0       0x20 ./Drivers/STM32L0xx_HAL_Driver/Src/stm32l0xx_hal_rcc.o
                0x0000000008003ad0                HAL_RCC_GetPCLK2Freq
 .text.HAL_RCCEx_PeriphCLKConfig
                0x0000000008003af0      0x214 ./Drivers/STM32L0xx_HAL_Driver/Src/stm32l0xx_hal_rcc_ex.o
                0x0000000008003af0                HAL_RCCEx_PeriphCLKConfig
 .text.HAL_RTC_DeactivateAlarm
                0x0000000008003d04       0xe4 ./Drivers/STM32L0xx_HAL_Driver/Src/stm32l0xx_hal_rtc.o
                0x0000000008003d04                HAL_RTC_DeactivateAlarm
 .text.HAL_RTC_AlarmIRQHandler
                0x0000000008003de8       0x68 ./Drivers/STM32L0xx_HAL_Driver/Src/stm32l0xx_hal_rtc.o
                0x0000000008003de8                HAL_RTC_AlarmIRQHandler
 .text.HAL_RTC_WaitForSynchro
                0x0000000008003e50       0x32 ./Drivers/STM32L0xx_HAL_Driver/Src/stm32l0xx_hal_rtc.o
                0x0000000008003e50                HAL_RTC_WaitForSynchro
 .text.RTC_EnterInitMode
                0x0000000008003e82       0x3a ./Drivers/STM32L0xx_HAL_Driver/Src/stm32l0xx_hal_rtc.o
                0x0000000008003e82                RTC_EnterInitMode
 .text.HAL_RTC_Init
                0x0000000008003ebc       0xd8 ./Drivers/STM32L0xx_HAL_Driver/Src/stm32l0xx_hal_rtc.o
                0x0000000008003ebc                HAL_RTC_Init
 .text.RTC_ByteToBcd2
                0x0000000008003f94       0x16 ./Drivers/STM32L0xx_HAL_Driver/Src/stm32l0xx_hal_rtc.o
                0x0000000008003f94                RTC_ByteToBcd2
 *fill*         0x0000000008003faa        0x2 
 .text.HAL_RTC_SetTime
                0x0000000008003fac      0x110 ./Drivers/STM32L0xx_HAL_Driver/Src/stm32l0xx_hal_rtc.o
                0x0000000008003fac                HAL_RTC_SetTime
 .text.HAL_RTC_SetDate
                0x00000000080040bc       0xec ./Drivers/STM32L0xx_HAL_Driver/Src/stm32l0xx_hal_rtc.o
                0x00000000080040bc                HAL_RTC_SetDate
 .text.HAL_RTC_SetAlarm_IT
                0x00000000080041a8      0x1c0 ./Drivers/STM32L0xx_HAL_Driver/Src/stm32l0xx_hal_rtc.o
                0x00000000080041a8                HAL_RTC_SetAlarm_IT
 .text.HAL_RTCEx_SetWakeUpTimer_IT
                0x0000000008004368      0x114 ./Drivers/STM32L0xx_HAL_Driver/Src/stm32l0xx_hal_rtc_ex.o
                0x0000000008004368                HAL_RTCEx_SetWakeUpTimer_IT
 .text.HAL_RTCEx_WakeUpTimerIRQHandler
                0x000000000800447c       0x38 ./Drivers/STM32L0xx_HAL_Driver/Src/stm32l0xx_hal_rtc_ex.o
                0x000000000800447c                HAL_RTCEx_WakeUpTimerIRQHandler
 .text.HAL_SPI_Init
                0x00000000080044b4       0xcc ./Drivers/STM32L0xx_HAL_Driver/Src/stm32l0xx_hal_spi.o
                0x00000000080044b4                HAL_SPI_Init
 .text.HAL_SPI_ErrorCallback
                0x0000000008004580        0x2 ./Drivers/STM32L0xx_HAL_Driver/Src/stm32l0xx_hal_spi.o
                0x0000000008004580                HAL_SPI_ErrorCallback
 *fill*         0x0000000008004582        0x2 
 .text.HAL_SPI_IRQHandler
                0x0000000008004584      0x124 ./Drivers/STM32L0xx_HAL_Driver/Src/stm32l0xx_hal_spi.o
                0x0000000008004584                HAL_SPI_IRQHandler
 .text.SPI_DMAAbortOnError
                0x00000000080046a8       0x10 ./Drivers/STM32L0xx_HAL_Driver/Src/stm32l0xx_hal_spi.o
 .text.TIM_Base_SetConfig
                0x00000000080046b8       0x70 ./Drivers/STM32L0xx_HAL_Driver/Src/stm32l0xx_hal_tim.o
 .text.TIM_OC1_SetConfig
                0x0000000008004728       0x2c ./Drivers/STM32L0xx_HAL_Driver/Src/stm32l0xx_hal_tim.o
 .text.TIM_OC2_SetConfig
                0x0000000008004754       0x38 ./Drivers/STM32L0xx_HAL_Driver/Src/stm32l0xx_hal_tim.o
 .text.TIM_OC3_SetConfig
                0x000000000800478c       0x38 ./Drivers/STM32L0xx_HAL_Driver/Src/stm32l0xx_hal_tim.o
 .text.TIM_OC4_SetConfig
                0x00000000080047c4       0x3c ./Drivers/STM32L0xx_HAL_Driver/Src/stm32l0xx_hal_tim.o
 .text.TIM_CCxChannelCmd
                0x0000000008004800       0x1a ./Drivers/STM32L0xx_HAL_Driver/Src/stm32l0xx_hal_tim.o
 .text.HAL_TIM_Base_Init
                0x000000000800481a       0x48 ./Drivers/STM32L0xx_HAL_Driver/Src/stm32l0xx_hal_tim.o
                0x000000000800481a                HAL_TIM_Base_Init
 *fill*         0x0000000008004862        0x2 
 .text.HAL_TIM_Base_Start_IT
                0x0000000008004864       0x6c ./Drivers/STM32L0xx_HAL_Driver/Src/stm32l0xx_hal_tim.o
                0x0000000008004864                HAL_TIM_Base_Start_IT
 .text.HAL_TIM_PWM_Init
                0x00000000080048d0       0x48 ./Drivers/STM32L0xx_HAL_Driver/Src/stm32l0xx_hal_tim.o
                0x00000000080048d0                HAL_TIM_PWM_Init
 .text.HAL_TIM_PWM_Start
                0x0000000008004918       0xd0 ./Drivers/STM32L0xx_HAL_Driver/Src/stm32l0xx_hal_tim.o
                0x0000000008004918                HAL_TIM_PWM_Start
 .text.HAL_TIM_PWM_Stop
                0x00000000080049e8       0x54 ./Drivers/STM32L0xx_HAL_Driver/Src/stm32l0xx_hal_tim.o
                0x00000000080049e8                HAL_TIM_PWM_Stop
 .text.HAL_TIM_PWM_ConfigChannel
                0x0000000008004a3c       0xf0 ./Drivers/STM32L0xx_HAL_Driver/Src/stm32l0xx_hal_tim.o
                0x0000000008004a3c                HAL_TIM_PWM_ConfigChannel
 .text.HAL_TIM_OC_DelayElapsedCallback
                0x0000000008004b2c        0x2 ./Drivers/STM32L0xx_HAL_Driver/Src/stm32l0xx_hal_tim.o
                0x0000000008004b2c                HAL_TIM_OC_DelayElapsedCallback
 .text.HAL_TIM_IC_CaptureCallback
                0x0000000008004b2e        0x2 ./Drivers/STM32L0xx_HAL_Driver/Src/stm32l0xx_hal_tim.o
                0x0000000008004b2e                HAL_TIM_IC_CaptureCallback
 .text.HAL_TIM_PWM_PulseFinishedCallback
                0x0000000008004b30        0x2 ./Drivers/STM32L0xx_HAL_Driver/Src/stm32l0xx_hal_tim.o
                0x0000000008004b30                HAL_TIM_PWM_PulseFinishedCallback
 .text.HAL_TIM_TriggerCallback
                0x0000000008004b32        0x2 ./Drivers/STM32L0xx_HAL_Driver/Src/stm32l0xx_hal_tim.o
                0x0000000008004b32                HAL_TIM_TriggerCallback
 .text.HAL_TIM_IRQHandler
                0x0000000008004b34      0x122 ./Drivers/STM32L0xx_HAL_Driver/Src/stm32l0xx_hal_tim.o
                0x0000000008004b34                HAL_TIM_IRQHandler
 *fill*         0x0000000008004c56        0x2 
 .text.HAL_TIMEx_MasterConfigSynchronization
                0x0000000008004c58       0x6c ./Drivers/STM32L0xx_HAL_Driver/Src/stm32l0xx_hal_tim_ex.o
                0x0000000008004c58                HAL_TIMEx_MasterConfigSynchronization
 .text.UART_EndRxTransfer
                0x0000000008004cc4       0x5c ./Drivers/STM32L0xx_HAL_Driver/Src/stm32l0xx_hal_uart.o
 .text.HAL_UART_DeInit
                0x0000000008004d20       0x3c ./Drivers/STM32L0xx_HAL_Driver/Src/stm32l0xx_hal_uart.o
                0x0000000008004d20                HAL_UART_DeInit
 .text.HAL_UART_TxCpltCallback
                0x0000000008004d5c        0x2 ./Drivers/STM32L0xx_HAL_Driver/Src/stm32l0xx_hal_uart.o
                0x0000000008004d5c                HAL_UART_TxCpltCallback
 .text.UART_EndTransmit_IT
                0x0000000008004d5e       0x28 ./Drivers/STM32L0xx_HAL_Driver/Src/stm32l0xx_hal_uart.o
 .text.HAL_UART_ErrorCallback
                0x0000000008004d86        0x2 ./Drivers/STM32L0xx_HAL_Driver/Src/stm32l0xx_hal_uart.o
                0x0000000008004d86                HAL_UART_ErrorCallback
 .text.UART_DMAAbortOnError
                0x0000000008004d88       0x14 ./Drivers/STM32L0xx_HAL_Driver/Src/stm32l0xx_hal_uart.o
 .text.HAL_UARTEx_RxEventCallback
                0x0000000008004d9c        0x2 ./Drivers/STM32L0xx_HAL_Driver/Src/stm32l0xx_hal_uart.o
                0x0000000008004d9c                HAL_UARTEx_RxEventCallback
 *fill*         0x0000000008004d9e        0x2 
 .text.HAL_UART_IRQHandler
                0x0000000008004da0      0x2d0 ./Drivers/STM32L0xx_HAL_Driver/Src/stm32l0xx_hal_uart.o
                0x0000000008004da0                HAL_UART_IRQHandler
 .text.UART_RxISR_8BIT
                0x0000000008005070       0xb0 ./Drivers/STM32L0xx_HAL_Driver/Src/stm32l0xx_hal_uart.o
 .text.UART_RxISR_16BIT
                0x0000000008005120       0xb0 ./Drivers/STM32L0xx_HAL_Driver/Src/stm32l0xx_hal_uart.o
 .text.UART_SetConfig
                0x00000000080051d0      0x2c4 ./Drivers/STM32L0xx_HAL_Driver/Src/stm32l0xx_hal_uart.o
                0x00000000080051d0                UART_SetConfig
 .text.UART_AdvFeatureConfig
                0x0000000008005494       0xe0 ./Drivers/STM32L0xx_HAL_Driver/Src/stm32l0xx_hal_uart.o
                0x0000000008005494                UART_AdvFeatureConfig
 .text.UART_WaitOnFlagUntilTimeout
                0x0000000008005574       0xdc ./Drivers/STM32L0xx_HAL_Driver/Src/stm32l0xx_hal_uart.o
                0x0000000008005574                UART_WaitOnFlagUntilTimeout
 .text.HAL_UART_Transmit
                0x0000000008005650      0x102 ./Drivers/STM32L0xx_HAL_Driver/Src/stm32l0xx_hal_uart.o
                0x0000000008005650                HAL_UART_Transmit
 *fill*         0x0000000008005752        0x2 
 .text.UART_CheckIdleState
                0x0000000008005754       0x70 ./Drivers/STM32L0xx_HAL_Driver/Src/stm32l0xx_hal_uart.o
                0x0000000008005754                UART_CheckIdleState
 .text.HAL_UART_Init
                0x00000000080057c4       0x6c ./Drivers/STM32L0xx_HAL_Driver/Src/stm32l0xx_hal_uart.o
                0x00000000080057c4                HAL_UART_Init
 .text.UART_Start_Receive_IT
                0x0000000008005830       0xd8 ./Drivers/STM32L0xx_HAL_Driver/Src/stm32l0xx_hal_uart.o
                0x0000000008005830                UART_Start_Receive_IT
 .text.HAL_UART_Receive_IT
                0x0000000008005908       0x7c ./Drivers/STM32L0xx_HAL_Driver/Src/stm32l0xx_hal_uart.o
                0x0000000008005908                HAL_UART_Receive_IT
 .text.HAL_UARTEx_WakeupCallback
                0x0000000008005984        0x2 ./Drivers/STM32L0xx_HAL_Driver/Src/stm32l0xx_hal_uart_ex.o
                0x0000000008005984                HAL_UARTEx_WakeupCallback
 *fill*         0x0000000008005986        0x2 
 .text.check_busy_high
                0x0000000008005988       0x38 ./Src/ED037TC2.o
                0x0000000008005988                check_busy_high
 .text.check_busy_low
                0x00000000080059c0       0x38 ./Src/ED037TC2.o
                0x00000000080059c0                check_busy_low
 .text.spi_9b_init
                0x00000000080059f8       0x34 ./Src/ED037TC2.o
                0x00000000080059f8                spi_9b_init
 .text.spi_9b_send
                0x0000000008005a2c       0xe8 ./Src/ED037TC2.o
                0x0000000008005a2c                spi_9b_send
 .text.spi_9b_send_9b
                0x0000000008005b14       0x1e ./Src/ED037TC2.o
                0x0000000008005b14                spi_9b_send_9b
 *fill*         0x0000000008005b32        0x2 
 .text.EPD_Init
                0x0000000008005b34      0x260 ./Src/ED037TC2.o
                0x0000000008005b34                EPD_Init
 .text.EPD_Load_LUTC
                0x0000000008005d94       0x1e ./Src/ED037TC2.o
                0x0000000008005d94                EPD_Load_LUTC
 .text.EPD_Load_LUT
                0x0000000008005db2       0x1e ./Src/ED037TC2.o
                0x0000000008005db2                EPD_Load_LUT
 .text.Upload_Temperature_LUT
                0x0000000008005dd0       0x40 ./Src/ED037TC2.o
                0x0000000008005dd0                Upload_Temperature_LUT
 .text.EPD_Display_KW
                0x0000000008005e10       0x8c ./Src/ED037TC2.o
                0x0000000008005e10                EPD_Display_KW
 .text.Get_ADC_Average_Single
                0x0000000008005e9c       0x5c ./Src/User_ADC.o
                0x0000000008005e9c                Get_ADC_Average_Single
 .text.Get_ADC_Value_Converted
                0x0000000008005ef8       0x3c ./Src/User_ADC.o
                0x0000000008005ef8                Get_ADC_Value_Converted
 .text.ADC_Sensing_Operation
                0x0000000008005f34      0x2c4 ./Src/User_ADC.o
                0x0000000008005f34                ADC_Sensing_Operation
 .text.Save_RTC_Value_Application
                0x00000000080061f8      0x198 ./Src/User_Application.o
                0x00000000080061f8                Save_RTC_Value_Application
 .text.Display_Application
                0x0000000008006390      0x338 ./Src/User_Application.o
                0x0000000008006390                Display_Application
 .text.Ckeck_communication_error
                0x00000000080066c8       0xcc ./Src/User_Application.o
                0x00000000080066c8                Ckeck_communication_error
 .text.UART1_Display_Application
                0x0000000008006794      0x22c ./Src/User_Application.o
                0x0000000008006794                UART1_Display_Application
 .text.Check_Response_1
                0x00000000080069c0       0x30 ./Src/User_Beacon.o
                0x00000000080069c0                Check_Response_1
 .text.Check_Get_Response
                0x00000000080069f0       0x30 ./Src/User_Beacon.o
                0x00000000080069f0                Check_Get_Response
 .text.Send_BLE_Commands
                0x0000000008006a20      0x9d8 ./Src/User_Beacon.o
                0x0000000008006a20                Send_BLE_Commands
 .text.Check_Device_Connection
                0x00000000080073f8      0x134 ./Src/User_Beacon.o
                0x00000000080073f8                Check_Device_Connection
 .text.Send_BLE_Beacons_Commands
                0x000000000800752c      0x67c ./Src/User_Beacon.o
                0x000000000800752c                Send_BLE_Beacons_Commands
 .text.Start_PWM_Buzzer
                0x0000000008007ba8       0x20 ./Src/User_Buzzer.o
                0x0000000008007ba8                Start_PWM_Buzzer
 .text.Stop_Buzzer
                0x0000000008007bc8       0x2c ./Src/User_Buzzer.o
                0x0000000008007bc8                Stop_Buzzer
 .text.Configure_PWM_uS
                0x0000000008007bf4       0x1c ./Src/User_Buzzer.o
                0x0000000008007bf4                Configure_PWM_uS
 .text.Execute_Buzzer_Tune4
                0x0000000008007c10       0xe0 ./Src/User_Buzzer.o
                0x0000000008007c10                Execute_Buzzer_Tune4
 .text.Initiate_Buzzer_Tune4
                0x0000000008007cf0       0x20 ./Src/User_Buzzer.o
                0x0000000008007cf0                Initiate_Buzzer_Tune4
 .text.Execute_Buzzer_Tune9
                0x0000000008007d10       0xcc ./Src/User_Buzzer.o
                0x0000000008007d10                Execute_Buzzer_Tune9
 .text.Initiate_Buzzer_Beep1
                0x0000000008007ddc       0x18 ./Src/User_Buzzer.o
                0x0000000008007ddc                Initiate_Buzzer_Beep1
 .text.Execute_Buzzer_Beep1
                0x0000000008007df4       0x70 ./Src/User_Buzzer.o
                0x0000000008007df4                Execute_Buzzer_Beep1
 .text.Execute_Buzzer_Tune1
                0x0000000008007e64      0x1b8 ./Src/User_Buzzer.o
                0x0000000008007e64                Execute_Buzzer_Tune1
 .text.Initiate_Buzzer_Tune2
                0x000000000800801c       0x14 ./Src/User_Buzzer.o
                0x000000000800801c                Initiate_Buzzer_Tune2
 .text.Execute_Buzzer_Tune2
                0x0000000008008030       0xc0 ./Src/User_Buzzer.o
                0x0000000008008030                Execute_Buzzer_Tune2
 .text.Execute_Buzzer_Melody1
                0x00000000080080f0      0x104 ./Src/User_Buzzer.o
                0x00000000080080f0                Execute_Buzzer_Melody1
 .text.Initiate_Buzzer_Beep2
                0x00000000080081f4       0x14 ./Src/User_Buzzer.o
                0x00000000080081f4                Initiate_Buzzer_Beep2
 .text.Execute_Buzzer_Beep2
                0x0000000008008208       0xa8 ./Src/User_Buzzer.o
                0x0000000008008208                Execute_Buzzer_Beep2
 .text.Execute_Buzzer_Melody2
                0x00000000080082b0      0x2fc ./Src/User_Buzzer.o
                0x00000000080082b0                Execute_Buzzer_Melody2
 .text.Execute_Buzzer_Tune3
                0x00000000080085ac      0x234 ./Src/User_Buzzer.o
                0x00000000080085ac                Execute_Buzzer_Tune3
 .text.Execute_Buzzer_Tune5
                0x00000000080087e0      0x254 ./Src/User_Buzzer.o
                0x00000000080087e0                Execute_Buzzer_Tune5
 .text.Execute_Buzzer_Tune6
                0x0000000008008a34       0x84 ./Src/User_Buzzer.o
                0x0000000008008a34                Execute_Buzzer_Tune6
 .text.Execute_Buzzer_Tune7
                0x0000000008008ab8       0xcc ./Src/User_Buzzer.o
                0x0000000008008ab8                Execute_Buzzer_Tune7
 .text.Execute_Buzzer_Tune8
                0x0000000008008b84       0xcc ./Src/User_Buzzer.o
                0x0000000008008b84                Execute_Buzzer_Tune8
 .text.Initiate_Buzzer_Beep3
                0x0000000008008c50       0x14 ./Src/User_Buzzer.o
                0x0000000008008c50                Initiate_Buzzer_Beep3
 .text.Execute_Buzzer_Beep3
                0x0000000008008c64       0xf4 ./Src/User_Buzzer.o
                0x0000000008008c64                Execute_Buzzer_Beep3
 .text.Execute_Buzzer_Beep4
                0x0000000008008d58      0x140 ./Src/User_Buzzer.o
                0x0000000008008d58                Execute_Buzzer_Beep4
 .text.Calculate_Byte_CRC16
                0x0000000008008e98       0x38 ./Src/User_CRC.o
                0x0000000008008e98                Calculate_Byte_CRC16
 .text.Calculate_Block_CRC16
                0x0000000008008ed0       0x28 ./Src/User_CRC.o
                0x0000000008008ed0                Calculate_Block_CRC16
 .text.HAL_UART_RxCpltCallback
                0x0000000008008ef8      0x4f0 ./Src/User_ISRs.o
                0x0000000008008ef8                HAL_UART_RxCpltCallback
 .text.HAL_TIM_PeriodElapsedCallback
                0x00000000080093e8      0x120 ./Src/User_ISRs.o
                0x00000000080093e8                HAL_TIM_PeriodElapsedCallback
 .text.UART1_Transmit
                0x0000000008009508       0x24 ./Src/User_UART.o
                0x0000000008009508                UART1_Transmit
 .text.LP_UART1_Transmit
                0x000000000800952c       0x24 ./Src/User_UART.o
                0x000000000800952c                LP_UART1_Transmit
 .text.MX_ADC_Init
                0x0000000008009550       0x88 ./Src/adc.o
                0x0000000008009550                MX_ADC_Init
 .text.HAL_ADC_MspInit
                0x00000000080095d8       0xa4 ./Src/adc.o
                0x00000000080095d8                HAL_ADC_MspInit
 .text.HAL_ADC_MspDeInit
                0x000000000800967c       0x3c ./Src/adc.o
                0x000000000800967c                HAL_ADC_MspDeInit
 .text.MX_DMA_Init
                0x00000000080096b8       0x30 ./Src/dma.o
                0x00000000080096b8                MX_DMA_Init
 .text.MX_GPIO_Init
                0x00000000080096e8      0x16c ./Src/gpio.o
                0x00000000080096e8                MX_GPIO_Init
 .text.MX_GPIO_Init1
                0x0000000008009854      0x16c ./Src/gpio.o
                0x0000000008009854                MX_GPIO_Init1
 .text.MX_GPIO_DeInit
                0x00000000080099c0      0x180 ./Src/gpio.o
                0x00000000080099c0                MX_GPIO_DeInit
 .text.Disable_Peripheral_Clocks
                0x0000000008009b40       0x3c ./Src/main.o
                0x0000000008009b40                Disable_Peripheral_Clocks
 .text.Enable_Peripheral_Clocks
                0x0000000008009b7c       0x60 ./Src/main.o
                0x0000000008009b7c                Enable_Peripheral_Clocks
 .text.Prepare_To_Enter_Stop2_Mode
                0x0000000008009bdc       0x54 ./Src/main.o
                0x0000000008009bdc                Prepare_To_Enter_Stop2_Mode
 .text.fast_blink
                0x0000000008009c30       0x30 ./Src/main.o
                0x0000000008009c30                fast_blink
 .text.Slow_blink
                0x0000000008009c60       0x30 ./Src/main.o
                0x0000000008009c60                Slow_blink
 .text.hex_to_dec
                0x0000000008009c90       0x78 ./Src/main.o
                0x0000000008009c90                hex_to_dec
 .text.HAL_RTC_AlarmAEventCallback
                0x0000000008009d08       0x28 ./Src/main.o
                0x0000000008009d08                HAL_RTC_AlarmAEventCallback
 .text.HAL_RTCEx_AlarmBEventCallback
                0x0000000008009d30       0x24 ./Src/main.o
                0x0000000008009d30                HAL_RTCEx_AlarmBEventCallback
 .text.passkey_Sum
                0x0000000008009d54       0x34 ./Src/main.o
                0x0000000008009d54                passkey_Sum
 .text.Init_ADC
                0x0000000008009d88       0x34 ./Src/main.o
                0x0000000008009d88                Init_ADC
 .text.DeInit_ADC
                0x0000000008009dbc       0x10 ./Src/main.o
                0x0000000008009dbc                DeInit_ADC
 .text.HAL_RTCEx_WakeUpTimerEventCallback
                0x0000000008009dcc       0x28 ./Src/main.o
                0x0000000008009dcc                HAL_RTCEx_WakeUpTimerEventCallback
 .text.SystemClock_Config
                0x0000000008009df4       0x90 ./Src/main.o
                0x0000000008009df4                SystemClock_Config
 .text.Exit_Stop2_Mode
                0x0000000008009e84       0x98 ./Src/main.o
                0x0000000008009e84                Exit_Stop2_Mode
 .text.RTC_Alarm_A_Wakeup
                0x0000000008009f1c      0x1bc ./Src/main.o
                0x0000000008009f1c                RTC_Alarm_A_Wakeup
 .text.RTC_Alarm_B_Wakeup
                0x000000000800a0d8       0x98 ./Src/main.o
                0x000000000800a0d8                RTC_Alarm_B_Wakeup
 .text.main     0x000000000800a170      0x308 ./Src/main.o
                0x000000000800a170                main
 .text.Error_Handler
                0x000000000800a478        0x2 ./Src/main.o
                0x000000000800a478                Error_Handler
 *fill*         0x000000000800a47a        0x2 
 .text.MX_RTC_Init
                0x000000000800a47c      0x128 ./Src/rtc.o
                0x000000000800a47c                MX_RTC_Init
 .text.HAL_RTC_MspInit
                0x000000000800a5a4       0x34 ./Src/rtc.o
                0x000000000800a5a4                HAL_RTC_MspInit
 .text.HAL_RTC_MspDeInit
                0x000000000800a5d8       0x2c ./Src/rtc.o
                0x000000000800a5d8                HAL_RTC_MspDeInit
 .text.MX_RTC_Init_1
                0x000000000800a604      0x12c ./Src/rtc.o
                0x000000000800a604                MX_RTC_Init_1
 .text.MX_SPI1_Init
                0x000000000800a730       0x44 ./Src/spi.o
                0x000000000800a730                MX_SPI1_Init
 .text.HAL_SPI_MspInit
                0x000000000800a774       0x70 ./Src/spi.o
                0x000000000800a774                HAL_SPI_MspInit
 .text.HAL_MspInit
                0x000000000800a7e4       0x1c ./Src/stm32l0xx_hal_msp.o
                0x000000000800a7e4                HAL_MspInit
 .text.NMI_Handler
                0x000000000800a800        0x2 ./Src/stm32l0xx_it.o
                0x000000000800a800                NMI_Handler
 .text.HardFault_Handler
                0x000000000800a802        0x2 ./Src/stm32l0xx_it.o
                0x000000000800a802                HardFault_Handler
 .text.SVC_Handler
                0x000000000800a804        0x2 ./Src/stm32l0xx_it.o
                0x000000000800a804                SVC_Handler
 .text.PendSV_Handler
                0x000000000800a806        0x2 ./Src/stm32l0xx_it.o
                0x000000000800a806                PendSV_Handler
 .text.SysTick_Handler
                0x000000000800a808      0x278 ./Src/stm32l0xx_it.o
                0x000000000800a808                SysTick_Handler
 .text.RTC_IRQHandler
                0x000000000800aa80       0x18 ./Src/stm32l0xx_it.o
                0x000000000800aa80                RTC_IRQHandler
 .text.EXTI4_15_IRQHandler
                0x000000000800aa98       0x38 ./Src/stm32l0xx_it.o
                0x000000000800aa98                EXTI4_15_IRQHandler
 .text.DMA1_Channel1_IRQHandler
                0x000000000800aad0       0x10 ./Src/stm32l0xx_it.o
                0x000000000800aad0                DMA1_Channel1_IRQHandler
 .text.ADC1_COMP_IRQHandler
                0x000000000800aae0       0x10 ./Src/stm32l0xx_it.o
                0x000000000800aae0                ADC1_COMP_IRQHandler
 .text.TIM3_IRQHandler
                0x000000000800aaf0       0x10 ./Src/stm32l0xx_it.o
                0x000000000800aaf0                TIM3_IRQHandler
 .text.TIM6_DAC_IRQHandler
                0x000000000800ab00       0x10 ./Src/stm32l0xx_it.o
                0x000000000800ab00                TIM6_DAC_IRQHandler
 .text.SPI1_IRQHandler
                0x000000000800ab10       0x10 ./Src/stm32l0xx_it.o
                0x000000000800ab10                SPI1_IRQHandler
 .text.USART1_IRQHandler
                0x000000000800ab20       0x10 ./Src/stm32l0xx_it.o
                0x000000000800ab20                USART1_IRQHandler
 .text.RNG_LPUART1_IRQHandler
                0x000000000800ab30       0x10 ./Src/stm32l0xx_it.o
                0x000000000800ab30                RNG_LPUART1_IRQHandler
 .text._sbrk    0x000000000800ab40       0x3c ./Src/syscalls.o
                0x000000000800ab40                _sbrk
 .text.SystemInit
                0x000000000800ab7c       0x5c ./Src/system_stm32l0xx.o
                0x000000000800ab7c                SystemInit
 .text.MX_TIM6_Init
                0x000000000800abd8       0x58 ./Src/tim.o
                0x000000000800abd8                MX_TIM6_Init
 .text.HAL_TIM_PWM_MspInit
                0x000000000800ac30       0x30 ./Src/tim.o
                0x000000000800ac30                HAL_TIM_PWM_MspInit
 .text.HAL_TIM_Base_MspInit
                0x000000000800ac60       0x30 ./Src/tim.o
                0x000000000800ac60                HAL_TIM_Base_MspInit
 .text.HAL_TIM_MspPostInit
                0x000000000800ac90       0x54 ./Src/tim.o
                0x000000000800ac90                HAL_TIM_MspPostInit
 .text.MX_TIM3_Init
                0x000000000800ace4       0x84 ./Src/tim.o
                0x000000000800ace4                MX_TIM3_Init
 .text.HAL_TIM_PWM_MspDeInit
                0x000000000800ad68       0x28 ./Src/tim.o
                0x000000000800ad68                HAL_TIM_PWM_MspDeInit
 .text.HAL_TIM_Base_MspDeInit
                0x000000000800ad90       0x28 ./Src/tim.o
                0x000000000800ad90                HAL_TIM_Base_MspDeInit
 .text.MX_LPUART1_UART_Init
                0x000000000800adb8       0x38 ./Src/usart.o
                0x000000000800adb8                MX_LPUART1_UART_Init
 .text.MX_USART1_UART_Init
                0x000000000800adf0       0x3c ./Src/usart.o
                0x000000000800adf0                MX_USART1_UART_Init
 .text.HAL_UART_MspInit
                0x000000000800ae2c       0xc8 ./Src/usart.o
                0x000000000800ae2c                HAL_UART_MspInit
 .text.HAL_UART_MspDeInit
                0x000000000800aef4       0x60 ./Src/usart.o
                0x000000000800aef4                HAL_UART_MspDeInit
 .text.Reset_Handler
                0x000000000800af54       0x50 ./startup/startup_stm32l073xx.o
                0x000000000800af54                Reset_Handler
 .text.Default_Handler
                0x000000000800afa4        0x2 ./startup/startup_stm32l073xx.o
                0x000000000800afa4                TSC_IRQHandler
                0x000000000800afa4                PVD_IRQHandler
                0x000000000800afa4                I2C1_IRQHandler
                0x000000000800afa4                RCC_CRS_IRQHandler
                0x000000000800afa4                EXTI2_3_IRQHandler
                0x000000000800afa4                I2C2_IRQHandler
                0x000000000800afa4                LCD_IRQHandler
                0x000000000800afa4                DMA1_Channel4_5_6_7_IRQHandler
                0x000000000800afa4                USART4_5_IRQHandler
                0x000000000800afa4                Default_Handler
                0x000000000800afa4                TIM22_IRQHandler
                0x000000000800afa4                TIM7_IRQHandler
                0x000000000800afa4                EXTI0_1_IRQHandler
                0x000000000800afa4                USB_IRQHandler
                0x000000000800afa4                I2C3_IRQHandler
                0x000000000800afa4                SPI2_IRQHandler
                0x000000000800afa4                TIM21_IRQHandler
                0x000000000800afa4                WWDG_IRQHandler
                0x000000000800afa4                TIM2_IRQHandler
                0x000000000800afa4                DMA1_Channel2_3_IRQHandler
                0x000000000800afa4                USART2_IRQHandler
                0x000000000800afa4                FLASH_IRQHandler
                0x000000000800afa4                LPTIM1_IRQHandler
 *fill*         0x000000000800afa6        0x2 
 .text.__errno  0x000000000800afa8        0xc c:/st/stm32cubeide_1.8.0/stm32cubeide/plugins/com.st.stm32cube.ide.mcu.externaltools.gnu-tools-for-stm32.9-2020-q2-update.win32_2.0.0.202105311346/tools/bin/../lib/gcc/arm-none-eabi/9.3.1/../../../../arm-none-eabi/lib/thumb/v6-m/nofp\libc_nano.a(lib_a-errno.o)
                0x000000000800afa8                __errno
 .text.__libc_init_array
                0x000000000800afb4       0x48 c:/st/stm32cubeide_1.8.0/stm32cubeide/plugins/com.st.stm32cube.ide.mcu.externaltools.gnu-tools-for-stm32.9-2020-q2-update.win32_2.0.0.202105311346/tools/bin/../lib/gcc/arm-none-eabi/9.3.1/../../../../arm-none-eabi/lib/thumb/v6-m/nofp\libc_nano.a(lib_a-init.o)
                0x000000000800afb4                __libc_init_array
 .text.memcpy   0x000000000800affc       0x12 c:/st/stm32cubeide_1.8.0/stm32cubeide/plugins/com.st.stm32cube.ide.mcu.externaltools.gnu-tools-for-stm32.9-2020-q2-update.win32_2.0.0.202105311346/tools/bin/../lib/gcc/arm-none-eabi/9.3.1/../../../../arm-none-eabi/lib/thumb/v6-m/nofp\libc_nano.a(lib_a-memcpy-stub.o)
                0x000000000800affc                memcpy
 .text.memset   0x000000000800b00e       0x10 c:/st/stm32cubeide_1.8.0/stm32cubeide/plugins/com.st.stm32cube.ide.mcu.externaltools.gnu-tools-for-stm32.9-2020-q2-update.win32_2.0.0.202105311346/tools/bin/../lib/gcc/arm-none-eabi/9.3.1/../../../../arm-none-eabi/lib/thumb/v6-m/nofp\libc_nano.a(lib_a-memset.o)
                0x000000000800b00e                memset
 *fill*         0x000000000800b01e        0x2 
 .text.sprintf  0x000000000800b020       0x40 c:/st/stm32cubeide_1.8.0/stm32cubeide/plugins/com.st.stm32cube.ide.mcu.externaltools.gnu-tools-for-stm32.9-2020-q2-update.win32_2.0.0.202105311346/tools/bin/../lib/gcc/arm-none-eabi/9.3.1/../../../../arm-none-eabi/lib/thumb/v6-m/nofp\libc_nano.a(lib_a-sprintf.o)
                0x000000000800b020                siprintf
                0x000000000800b020                sprintf
 .text.strcat   0x000000000800b060       0x1a c:/st/stm32cubeide_1.8.0/stm32cubeide/plugins/com.st.stm32cube.ide.mcu.externaltools.gnu-tools-for-stm32.9-2020-q2-update.win32_2.0.0.202105311346/tools/bin/../lib/gcc/arm-none-eabi/9.3.1/../../../../arm-none-eabi/lib/thumb/v6-m/nofp\libc_nano.a(lib_a-strcat.o)
                0x000000000800b060                strcat
 .text.strcpy   0x000000000800b07a       0x10 c:/st/stm32cubeide_1.8.0/stm32cubeide/plugins/com.st.stm32cube.ide.mcu.externaltools.gnu-tools-for-stm32.9-2020-q2-update.win32_2.0.0.202105311346/tools/bin/../lib/gcc/arm-none-eabi/9.3.1/../../../../arm-none-eabi/lib/thumb/v6-m/nofp\libc_nano.a(lib_a-strcpy.o)
                0x000000000800b07a                strcpy
 .text.strstr   0x000000000800b08a       0x2c c:/st/stm32cubeide_1.8.0/stm32cubeide/plugins/com.st.stm32cube.ide.mcu.externaltools.gnu-tools-for-stm32.9-2020-q2-update.win32_2.0.0.202105311346/tools/bin/../lib/gcc/arm-none-eabi/9.3.1/../../../../arm-none-eabi/lib/thumb/v6-m/nofp\libc_nano.a(lib_a-strstr.o)
                0x000000000800b08a                strstr
 *fill*         0x000000000800b0b6        0x2 
 .text.__ssputs_r
                0x000000000800b0b8       0xc4 c:/st/stm32cubeide_1.8.0/stm32cubeide/plugins/com.st.stm32cube.ide.mcu.externaltools.gnu-tools-for-stm32.9-2020-q2-update.win32_2.0.0.202105311346/tools/bin/../lib/gcc/arm-none-eabi/9.3.1/../../../../arm-none-eabi/lib/thumb/v6-m/nofp\libc_nano.a(lib_a-nano-svfprintf.o)
                0x000000000800b0b8                __ssputs_r
 .text._svfprintf_r
                0x000000000800b17c      0x200 c:/st/stm32cubeide_1.8.0/stm32cubeide/plugins/com.st.stm32cube.ide.mcu.externaltools.gnu-tools-for-stm32.9-2020-q2-update.win32_2.0.0.202105311346/tools/bin/../lib/gcc/arm-none-eabi/9.3.1/../../../../arm-none-eabi/lib/thumb/v6-m/nofp\libc_nano.a(lib_a-nano-svfprintf.o)
                0x000000000800b17c                _svfiprintf_r
                0x000000000800b17c                _svfprintf_r
 .text._printf_common
                0x000000000800b37c       0xde c:/st/stm32cubeide_1.8.0/stm32cubeide/plugins/com.st.stm32cube.ide.mcu.externaltools.gnu-tools-for-stm32.9-2020-q2-update.win32_2.0.0.202105311346/tools/bin/../lib/gcc/arm-none-eabi/9.3.1/../../../../arm-none-eabi/lib/thumb/v6-m/nofp\libc_nano.a(lib_a-nano-vfprintf_i.o)
                0x000000000800b37c                _printf_common
 *fill*         0x000000000800b45a        0x2 
 .text._printf_i
                0x000000000800b45c      0x224 c:/st/stm32cubeide_1.8.0/stm32cubeide/plugins/com.st.stm32cube.ide.mcu.externaltools.gnu-tools-for-stm32.9-2020-q2-update.win32_2.0.0.202105311346/tools/bin/../lib/gcc/arm-none-eabi/9.3.1/../../../../arm-none-eabi/lib/thumb/v6-m/nofp\libc_nano.a(lib_a-nano-vfprintf_i.o)
                0x000000000800b45c                _printf_i
 .text.memchr   0x000000000800b680       0x16 c:/st/stm32cubeide_1.8.0/stm32cubeide/plugins/com.st.stm32cube.ide.mcu.externaltools.gnu-tools-for-stm32.9-2020-q2-update.win32_2.0.0.202105311346/tools/bin/../lib/gcc/arm-none-eabi/9.3.1/../../../../arm-none-eabi/lib/thumb/v6-m/nofp\libc_nano.a(lib_a-memchr-stub.o)
                0x000000000800b680                memchr
 .text.memmove  0x000000000800b696       0x26 c:/st/stm32cubeide_1.8.0/stm32cubeide/plugins/com.st.stm32cube.ide.mcu.externaltools.gnu-tools-for-stm32.9-2020-q2-update.win32_2.0.0.202105311346/tools/bin/../lib/gcc/arm-none-eabi/9.3.1/../../../../arm-none-eabi/lib/thumb/v6-m/nofp\libc_nano.a(lib_a-memmove.o)
                0x000000000800b696                memmove
 .text._free_r  0x000000000800b6bc       0x94 c:/st/stm32cubeide_1.8.0/stm32cubeide/plugins/com.st.stm32cube.ide.mcu.externaltools.gnu-tools-for-stm32.9-2020-q2-update.win32_2.0.0.202105311346/tools/bin/../lib/gcc/arm-none-eabi/9.3.1/../../../../arm-none-eabi/lib/thumb/v6-m/nofp\libc_nano.a(lib_a-nano-freer.o)
                0x000000000800b6bc                _free_r
 .text._malloc_r
                0x000000000800b750       0xbc c:/st/stm32cubeide_1.8.0/stm32cubeide/plugins/com.st.stm32cube.ide.mcu.externaltools.gnu-tools-for-stm32.9-2020-q2-update.win32_2.0.0.202105311346/tools/bin/../lib/gcc/arm-none-eabi/9.3.1/../../../../arm-none-eabi/lib/thumb/v6-m/nofp\libc_nano.a(lib_a-nano-mallocr.o)
                0x000000000800b750                _malloc_r
 .text._realloc_r
                0x000000000800b80c       0x4c c:/st/stm32cubeide_1.8.0/stm32cubeide/plugins/com.st.stm32cube.ide.mcu.externaltools.gnu-tools-for-stm32.9-2020-q2-update.win32_2.0.0.202105311346/tools/bin/../lib/gcc/arm-none-eabi/9.3.1/../../../../arm-none-eabi/lib/thumb/v6-m/nofp\libc_nano.a(lib_a-nano-reallocr.o)
                0x000000000800b80c                _realloc_r
 .text._sbrk_r  0x000000000800b858       0x24 c:/st/stm32cubeide_1.8.0/stm32cubeide/plugins/com.st.stm32cube.ide.mcu.externaltools.gnu-tools-for-stm32.9-2020-q2-update.win32_2.0.0.202105311346/tools/bin/../lib/gcc/arm-none-eabi/9.3.1/../../../../arm-none-eabi/lib/thumb/v6-m/nofp\libc_nano.a(lib_a-sbrkr.o)
                0x000000000800b858                _sbrk_r
 .text.__malloc_lock
                0x000000000800b87c       0x10 c:/st/stm32cubeide_1.8.0/stm32cubeide/plugins/com.st.stm32cube.ide.mcu.externaltools.gnu-tools-for-stm32.9-2020-q2-update.win32_2.0.0.202105311346/tools/bin/../lib/gcc/arm-none-eabi/9.3.1/../../../../arm-none-eabi/lib/thumb/v6-m/nofp\libc_nano.a(lib_a-mlock.o)
                0x000000000800b87c                __malloc_lock
 .text.__malloc_unlock
                0x000000000800b88c       0x10 c:/st/stm32cubeide_1.8.0/stm32cubeide/plugins/com.st.stm32cube.ide.mcu.externaltools.gnu-tools-for-stm32.9-2020-q2-update.win32_2.0.0.202105311346/tools/bin/../lib/gcc/arm-none-eabi/9.3.1/../../../../arm-none-eabi/lib/thumb/v6-m/nofp\libc_nano.a(lib_a-mlock.o)
                0x000000000800b88c                __malloc_unlock
 .text._malloc_usable_size_r
                0x000000000800b89c       0x10 c:/st/stm32cubeide_1.8.0/stm32cubeide/plugins/com.st.stm32cube.ide.mcu.externaltools.gnu-tools-for-stm32.9-2020-q2-update.win32_2.0.0.202105311346/tools/bin/../lib/gcc/arm-none-eabi/9.3.1/../../../../arm-none-eabi/lib/thumb/v6-m/nofp\libc_nano.a(lib_a-nano-msizer.o)
                0x000000000800b89c                _malloc_usable_size_r
 .text.__retarget_lock_acquire_recursive
                0x000000000800b8ac        0x2 c:/st/stm32cubeide_1.8.0/stm32cubeide/plugins/com.st.stm32cube.ide.mcu.externaltools.gnu-tools-for-stm32.9-2020-q2-update.win32_2.0.0.202105311346/tools/bin/../lib/gcc/arm-none-eabi/9.3.1/../../../../arm-none-eabi/lib/thumb/v6-m/nofp\libc_nano.a(lib_a-lock.o)
                0x000000000800b8ac                __retarget_lock_acquire_recursive
 .text.__retarget_lock_release_recursive
                0x000000000800b8ae        0x2 c:/st/stm32cubeide_1.8.0/stm32cubeide/plugins/com.st.stm32cube.ide.mcu.externaltools.gnu-tools-for-stm32.9-2020-q2-update.win32_2.0.0.202105311346/tools/bin/../lib/gcc/arm-none-eabi/9.3.1/../../../../arm-none-eabi/lib/thumb/v6-m/nofp\libc_nano.a(lib_a-lock.o)
                0x000000000800b8ae                __retarget_lock_release_recursive
 .text.pow      0x000000000800b8b0      0x170 c:/st/stm32cubeide_1.8.0/stm32cubeide/plugins/com.st.stm32cube.ide.mcu.externaltools.gnu-tools-for-stm32.9-2020-q2-update.win32_2.0.0.202105311346/tools/bin/../lib/gcc/arm-none-eabi/9.3.1/../../../../arm-none-eabi/lib/thumb/v6-m/nofp\libm.a(lib_a-w_pow.o)
                0x000000000800b8b0                pow
 .text.__ieee754_pow
                0x000000000800ba20      0xa00 c:/st/stm32cubeide_1.8.0/stm32cubeide/plugins/com.st.stm32cube.ide.mcu.externaltools.gnu-tools-for-stm32.9-2020-q2-update.win32_2.0.0.202105311346/tools/bin/../lib/gcc/arm-none-eabi/9.3.1/../../../../arm-none-eabi/lib/thumb/v6-m/nofp\libm.a(lib_a-e_pow.o)
                0x000000000800ba20                __ieee754_pow
 .text.__ieee754_sqrt
                0x000000000800c420      0x168 c:/st/stm32cubeide_1.8.0/stm32cubeide/plugins/com.st.stm32cube.ide.mcu.externaltools.gnu-tools-for-stm32.9-2020-q2-update.win32_2.0.0.202105311346/tools/bin/../lib/gcc/arm-none-eabi/9.3.1/../../../../arm-none-eabi/lib/thumb/v6-m/nofp\libm.a(lib_a-e_sqrt.o)
                0x000000000800c420                __ieee754_sqrt
 .text.fabs     0x000000000800c588        0x6 c:/st/stm32cubeide_1.8.0/stm32cubeide/plugins/com.st.stm32cube.ide.mcu.externaltools.gnu-tools-for-stm32.9-2020-q2-update.win32_2.0.0.202105311346/tools/bin/../lib/gcc/arm-none-eabi/9.3.1/../../../../arm-none-eabi/lib/thumb/v6-m/nofp\libm.a(lib_a-s_fabs.o)
                0x000000000800c588                fabs
 *fill*         0x000000000800c58e        0x2 
 .text.finite   0x000000000800c590       0x10 c:/st/stm32cubeide_1.8.0/stm32cubeide/plugins/com.st.stm32cube.ide.mcu.externaltools.gnu-tools-for-stm32.9-2020-q2-update.win32_2.0.0.202105311346/tools/bin/../lib/gcc/arm-none-eabi/9.3.1/../../../../arm-none-eabi/lib/thumb/v6-m/nofp\libm.a(lib_a-s_finite.o)
                0x000000000800c590                finite
 .text.nan      0x000000000800c5a0        0xc c:/st/stm32cubeide_1.8.0/stm32cubeide/plugins/com.st.stm32cube.ide.mcu.externaltools.gnu-tools-for-stm32.9-2020-q2-update.win32_2.0.0.202105311346/tools/bin/../lib/gcc/arm-none-eabi/9.3.1/../../../../arm-none-eabi/lib/thumb/v6-m/nofp\libm.a(lib_a-s_nan.o)
                0x000000000800c5a0                nan
 .text.rint     0x000000000800c5ac      0x110 c:/st/stm32cubeide_1.8.0/stm32cubeide/plugins/com.st.stm32cube.ide.mcu.externaltools.gnu-tools-for-stm32.9-2020-q2-update.win32_2.0.0.202105311346/tools/bin/../lib/gcc/arm-none-eabi/9.3.1/../../../../arm-none-eabi/lib/thumb/v6-m/nofp\libm.a(lib_a-s_rint.o)
                0x000000000800c5ac                rint
 .text.scalbn   0x000000000800c6bc       0xe8 c:/st/stm32cubeide_1.8.0/stm32cubeide/plugins/com.st.stm32cube.ide.mcu.externaltools.gnu-tools-for-stm32.9-2020-q2-update.win32_2.0.0.202105311346/tools/bin/../lib/gcc/arm-none-eabi/9.3.1/../../../../arm-none-eabi/lib/thumb/v6-m/nofp\libm.a(lib_a-s_scalbn.o)
                0x000000000800c6bc                scalbn
 *(.glue_7)
 .glue_7        0x000000000800c7a4        0x0 linker stubs
 *(.glue_7t)
 .glue_7t       0x000000000800c7a4        0x0 linker stubs
 *(.eh_frame)
 .eh_frame      0x000000000800c7a4        0x0 c:/st/stm32cubeide_1.8.0/stm32cubeide/plugins/com.st.stm32cube.ide.mcu.externaltools.gnu-tools-for-stm32.9-2020-q2-update.win32_2.0.0.202105311346/tools/bin/../lib/gcc/arm-none-eabi/9.3.1/thumb/v6-m/nofp/crtbegin.o
 *(.init)
 .init          0x000000000800c7a4        0x4 c:/st/stm32cubeide_1.8.0/stm32cubeide/plugins/com.st.stm32cube.ide.mcu.externaltools.gnu-tools-for-stm32.9-2020-q2-update.win32_2.0.0.202105311346/tools/bin/../lib/gcc/arm-none-eabi/9.3.1/thumb/v6-m/nofp/crti.o
                0x000000000800c7a4                _init
 .init          0x000000000800c7a8        0x8 c:/st/stm32cubeide_1.8.0/stm32cubeide/plugins/com.st.stm32cube.ide.mcu.externaltools.gnu-tools-for-stm32.9-2020-q2-update.win32_2.0.0.202105311346/tools/bin/../lib/gcc/arm-none-eabi/9.3.1/thumb/v6-m/nofp/crtn.o
 *(.fini)
 .fini          0x000000000800c7b0        0x4 c:/st/stm32cubeide_1.8.0/stm32cubeide/plugins/com.st.stm32cube.ide.mcu.externaltools.gnu-tools-for-stm32.9-2020-q2-update.win32_2.0.0.202105311346/tools/bin/../lib/gcc/arm-none-eabi/9.3.1/thumb/v6-m/nofp/crti.o
                0x000000000800c7b0                _fini
 .fini          0x000000000800c7b4        0x8 c:/st/stm32cubeide_1.8.0/stm32cubeide/plugins/com.st.stm32cube.ide.mcu.externaltools.gnu-tools-for-stm32.9-2020-q2-update.win32_2.0.0.202105311346/tools/bin/../lib/gcc/arm-none-eabi/9.3.1/thumb/v6-m/nofp/crtn.o
                0x000000000800c7bc                . = ALIGN (0x4)
                0x000000000800c7bc                _etext = .

.vfp11_veneer   0x000000000800c7bc        0x0
 .vfp11_veneer  0x000000000800c7bc        0x0 linker stubs

.v4_bx          0x000000000800c7bc        0x0
 .v4_bx         0x000000000800c7bc        0x0 linker stubs

.iplt           0x000000000800c7bc        0x0
 .iplt          0x000000000800c7bc        0x0 c:/st/stm32cubeide_1.8.0/stm32cubeide/plugins/com.st.stm32cube.ide.mcu.externaltools.gnu-tools-for-stm32.9-2020-q2-update.win32_2.0.0.202105311346/tools/bin/../lib/gcc/arm-none-eabi/9.3.1/thumb/v6-m/nofp/crtbegin.o

.rodata         0x000000000800c7c0     0x4630
                0x000000000800c7c0                . = ALIGN (0x4)
 *(.rodata)
 .rodata        0x000000000800c7c0       0x48 ./Drivers/STM32L0xx_HAL_Driver/Src/stm32l0xx_hal_uart.o
 .rodata        0x000000000800c808      0x1d6 ./Src/ED037TC2.o
                0x000000000800c808                lut_vcom
                0x000000000800c844                lut_ww
                0x000000000800c870                lut_r
                0x000000000800c8ac                lut_w
                0x000000000800c8d8                lut_b
                0x000000000800c904                lut_r2
                0x000000000800c930                lut_b2
                0x000000000800c95c                lut_w2
                0x000000000800c988                lut_vcom2
                0x000000000800c9b4                lut_None
 *fill*         0x000000000800c9de        0x2 
 .rodata        0x000000000800c9e0       0x84 ./Src/User_Beacon.o
 .rodata        0x000000000800ca64     0x41a0 ./Src/main.o
                0x000000000800ca64                tag_exipre
 .rodata        0x0000000008010c04       0x24 ./Src/system_stm32l0xx.o
                0x0000000008010c04                PLLMulTable
                0x0000000008010c10                AHBPrescTable
                0x0000000008010c20                APBPrescTable
 .rodata        0x0000000008010c28       0x40 c:/st/stm32cubeide_1.8.0/stm32cubeide/plugins/com.st.stm32cube.ide.mcu.externaltools.gnu-tools-for-stm32.9-2020-q2-update.win32_2.0.0.202105311346/tools/bin/../lib/gcc/arm-none-eabi/9.3.1/thumb/v6-m/nofp\libgcc.a(divdf3.o)
 .rodata        0x0000000008010c68       0x40 c:/st/stm32cubeide_1.8.0/stm32cubeide/plugins/com.st.stm32cube.ide.mcu.externaltools.gnu-tools-for-stm32.9-2020-q2-update.win32_2.0.0.202105311346/tools/bin/../lib/gcc/arm-none-eabi/9.3.1/thumb/v6-m/nofp\libgcc.a(muldf3.o)
 *(.rodata*)
 .rodata.str1.4
                0x0000000008010ca8       0x51 ./Src/User_ADC.o
 *fill*         0x0000000008010cf9        0x3 
 .rodata.str1.4
                0x0000000008010cfc       0x11 ./Src/User_Beacon.o
 *fill*         0x0000000008010d0d        0x3 
 .rodata.str1.4
                0x0000000008010d10       0x68 ./Src/main.o
                                         0x84 (size before relaxing)
 .rodata._svfprintf_r.str1.1
                0x0000000008010d78       0x11 c:/st/stm32cubeide_1.8.0/stm32cubeide/plugins/com.st.stm32cube.ide.mcu.externaltools.gnu-tools-for-stm32.9-2020-q2-update.win32_2.0.0.202105311346/tools/bin/../lib/gcc/arm-none-eabi/9.3.1/../../../../arm-none-eabi/lib/thumb/v6-m/nofp\libc_nano.a(lib_a-nano-svfprintf.o)
 .rodata._printf_i.str1.1
                0x0000000008010d89       0x22 c:/st/stm32cubeide_1.8.0/stm32cubeide/plugins/com.st.stm32cube.ide.mcu.externaltools.gnu-tools-for-stm32.9-2020-q2-update.win32_2.0.0.202105311346/tools/bin/../lib/gcc/arm-none-eabi/9.3.1/../../../../arm-none-eabi/lib/thumb/v6-m/nofp\libc_nano.a(lib_a-nano-vfprintf_i.o)
 .rodata.__ieee754_pow.str1.1
                0x0000000008010dab       0x22 c:/st/stm32cubeide_1.8.0/stm32cubeide/plugins/com.st.stm32cube.ide.mcu.externaltools.gnu-tools-for-stm32.9-2020-q2-update.win32_2.0.0.202105311346/tools/bin/../lib/gcc/arm-none-eabi/9.3.1/../../../../arm-none-eabi/lib/thumb/v6-m/nofp\libm.a(lib_a-e_pow.o)
                                          0x1 (size before relaxing)
 *fill*         0x0000000008010dab        0x5 
 .rodata.bp     0x0000000008010db0       0x10 c:/st/stm32cubeide_1.8.0/stm32cubeide/plugins/com.st.stm32cube.ide.mcu.externaltools.gnu-tools-for-stm32.9-2020-q2-update.win32_2.0.0.202105311346/tools/bin/../lib/gcc/arm-none-eabi/9.3.1/../../../../arm-none-eabi/lib/thumb/v6-m/nofp\libm.a(lib_a-e_pow.o)
 .rodata.dp_h   0x0000000008010dc0       0x10 c:/st/stm32cubeide_1.8.0/stm32cubeide/plugins/com.st.stm32cube.ide.mcu.externaltools.gnu-tools-for-stm32.9-2020-q2-update.win32_2.0.0.202105311346/tools/bin/../lib/gcc/arm-none-eabi/9.3.1/../../../../arm-none-eabi/lib/thumb/v6-m/nofp\libm.a(lib_a-e_pow.o)
 .rodata.dp_l   0x0000000008010dd0       0x10 c:/st/stm32cubeide_1.8.0/stm32cubeide/plugins/com.st.stm32cube.ide.mcu.externaltools.gnu-tools-for-stm32.9-2020-q2-update.win32_2.0.0.202105311346/tools/bin/../lib/gcc/arm-none-eabi/9.3.1/../../../../arm-none-eabi/lib/thumb/v6-m/nofp\libm.a(lib_a-e_pow.o)
 .rodata.TWO52  0x0000000008010de0       0x10 c:/st/stm32cubeide_1.8.0/stm32cubeide/plugins/com.st.stm32cube.ide.mcu.externaltools.gnu-tools-for-stm32.9-2020-q2-update.win32_2.0.0.202105311346/tools/bin/../lib/gcc/arm-none-eabi/9.3.1/../../../../arm-none-eabi/lib/thumb/v6-m/nofp\libm.a(lib_a-s_rint.o)
                0x0000000008010df0                . = ALIGN (0x4)

.ARM.extab
 *(.ARM.extab* .gnu.linkonce.armextab.*)

.ARM            0x0000000008010df0        0x8
                0x0000000008010df0                __exidx_start = .
 *(.ARM.exidx*)
 .ARM.exidx     0x0000000008010df0        0x8 c:/st/stm32cubeide_1.8.0/stm32cubeide/plugins/com.st.stm32cube.ide.mcu.externaltools.gnu-tools-for-stm32.9-2020-q2-update.win32_2.0.0.202105311346/tools/bin/../lib/gcc/arm-none-eabi/9.3.1/thumb/v6-m/nofp\libgcc.a(_udivmoddi4.o)
                0x0000000008010df8                __exidx_end = .

.rel.dyn        0x0000000008010df8        0x0
 .rel.iplt      0x0000000008010df8        0x0 c:/st/stm32cubeide_1.8.0/stm32cubeide/plugins/com.st.stm32cube.ide.mcu.externaltools.gnu-tools-for-stm32.9-2020-q2-update.win32_2.0.0.202105311346/tools/bin/../lib/gcc/arm-none-eabi/9.3.1/thumb/v6-m/nofp/crtbegin.o

.preinit_array  0x0000000008010df8        0x0
                0x0000000008010df8                PROVIDE (__preinit_array_start = .)
 *(.preinit_array*)
                0x0000000008010df8                PROVIDE (__preinit_array_end = .)

.init_array     0x0000000008010df8        0x4
                0x0000000008010df8                PROVIDE (__init_array_start = .)
 *(SORT_BY_NAME(.init_array.*))
 *(.init_array*)
 .init_array    0x0000000008010df8        0x4 c:/st/stm32cubeide_1.8.0/stm32cubeide/plugins/com.st.stm32cube.ide.mcu.externaltools.gnu-tools-for-stm32.9-2020-q2-update.win32_2.0.0.202105311346/tools/bin/../lib/gcc/arm-none-eabi/9.3.1/thumb/v6-m/nofp/crtbegin.o
                0x0000000008010dfc                PROVIDE (__init_array_end = .)

.fini_array     0x0000000008010dfc        0x4
                [!provide]                        PROVIDE (__fini_array_start = .)
 *(SORT_BY_NAME(.fini_array.*))
 *(.fini_array*)
 .fini_array    0x0000000008010dfc        0x4 c:/st/stm32cubeide_1.8.0/stm32cubeide/plugins/com.st.stm32cube.ide.mcu.externaltools.gnu-tools-for-stm32.9-2020-q2-update.win32_2.0.0.202105311346/tools/bin/../lib/gcc/arm-none-eabi/9.3.1/thumb/v6-m/nofp/crtbegin.o
                [!provide]                        PROVIDE (__fini_array_end = .)
                0x0000000008010e00                _sidata = LOADADDR (.data)

.data           0x0000000020000000      0x1b8 load address 0x0000000008010e00
                0x0000000020000000                . = ALIGN (0x4)
                0x0000000020000000                _sdata = .
 *(.data)
 .data          0x0000000020000000        0x8 ./Drivers/STM32L0xx_HAL_Driver/Src/stm32l0xx_hal.o
                0x0000000020000000                uwTickFreq
                0x0000000020000004                uwTickPrio
 .data          0x0000000020000008      0x120 ./Src/User_Beacon.o
                0x0000000020000008                Send_Command_State
                0x000000002000000c                BM71_Command_0
                0x0000000020000014                BM71_Command_1
                0x0000000020000018                BLE_Response_0
                0x0000000020000020                BM71_Command_6
                0x0000000020000028                BLE_Response_1
                0x0000000020000034                BM71_Command_2
                0x000000002000003c                BM71_Command_3
                0x0000000020000040                BLE_Response_6
                0x0000000020000044                jj
                0x0000000020000048                BM71_Command_4
                0x000000002000005c                BM71_Command_5
                0x0000000020000064                BLE_Response_4
                0x0000000020000070                BLE_Response_2
                0x0000000020000080                BLE_Response_3
                0x0000000020000088                BLE_Response_5
                0x0000000020000094                Response_string_1
                0x00000000200000a4                Response_string_2
                0x00000000200000b8                BM71_Command_8
                0x00000000200000c0                BM71_Command_9
                0x00000000200000cc                BM71_Command_10
                0x00000000200000d4                BM71_Command_77
                0x00000000200000dc                BM71_Command_14
                0x00000000200000e0                BM71_Command_7
                0x00000000200000e8                BM71_Command_11
                0x00000000200000ec                BLE_Command_6
                0x00000000200000f4                BLE_Command_5
                0x0000000020000108                BLE_Command_4
                0x0000000020000110                BLE_Command_2
                0x0000000020000124                BLE_Command_1
 .data          0x0000000020000128        0x8 ./Src/User_Buzzer.o
                0x0000000020000128                Current_Volume_Val_Buzzer_Tune
                0x000000002000012c                Current_Volume_Val_Key_Beep
 .data          0x0000000020000130       0x15 ./Src/main.o
                0x0000000020000130                FW_Version
                0x0000000020000144                FW_Version1
 *fill*         0x0000000020000145        0x3 
 .data          0x0000000020000148        0x4 ./Src/stm32l0xx_it.o
                0x0000000020000148                Second_count
 .data          0x000000002000014c        0x4 ./Src/system_stm32l0xx.o
                0x000000002000014c                SystemCoreClock
 *(.data*)
 .data._impure_ptr
                0x0000000020000150        0x4 c:/st/stm32cubeide_1.8.0/stm32cubeide/plugins/com.st.stm32cube.ide.mcu.externaltools.gnu-tools-for-stm32.9-2020-q2-update.win32_2.0.0.202105311346/tools/bin/../lib/gcc/arm-none-eabi/9.3.1/../../../../arm-none-eabi/lib/thumb/v6-m/nofp\libc_nano.a(lib_a-impure.o)
                0x0000000020000150                _impure_ptr
 .data.impure_data
                0x0000000020000154       0x60 c:/st/stm32cubeide_1.8.0/stm32cubeide/plugins/com.st.stm32cube.ide.mcu.externaltools.gnu-tools-for-stm32.9-2020-q2-update.win32_2.0.0.202105311346/tools/bin/../lib/gcc/arm-none-eabi/9.3.1/../../../../arm-none-eabi/lib/thumb/v6-m/nofp\libc_nano.a(lib_a-impure.o)
 .data.__fdlib_version
                0x00000000200001b4        0x1 c:/st/stm32cubeide_1.8.0/stm32cubeide/plugins/com.st.stm32cube.ide.mcu.externaltools.gnu-tools-for-stm32.9-2020-q2-update.win32_2.0.0.202105311346/tools/bin/../lib/gcc/arm-none-eabi/9.3.1/../../../../arm-none-eabi/lib/thumb/v6-m/nofp\libm.a(lib_a-s_lib_ver.o)
                0x00000000200001b4                __fdlib_version
                0x00000000200001b8                . = ALIGN (0x4)
 *fill*         0x00000000200001b5        0x3 
                0x00000000200001b8                _edata = .

.igot.plt       0x00000000200001b8        0x0 load address 0x0000000008010fb8
 .igot.plt      0x00000000200001b8        0x0 c:/st/stm32cubeide_1.8.0/stm32cubeide/plugins/com.st.stm32cube.ide.mcu.externaltools.gnu-tools-for-stm32.9-2020-q2-update.win32_2.0.0.202105311346/tools/bin/../lib/gcc/arm-none-eabi/9.3.1/thumb/v6-m/nofp/crtbegin.o
                0x00000000200001b8                . = ALIGN (0x4)

.bss            0x00000000200001b8     0x481c load address 0x0000000008010fb8
                0x00000000200001b8                _sbss = .
                0x00000000200001b8                __bss_start__ = _sbss
 *(.bss)
 .bss           0x00000000200001b8       0x1c c:/st/stm32cubeide_1.8.0/stm32cubeide/plugins/com.st.stm32cube.ide.mcu.externaltools.gnu-tools-for-stm32.9-2020-q2-update.win32_2.0.0.202105311346/tools/bin/../lib/gcc/arm-none-eabi/9.3.1/thumb/v6-m/nofp/crtbegin.o
 .bss           0x00000000200001d4       0x10 ./Src/User_ADC.o
                0x00000000200001d4                Monitor_Low_Battery_Voltage_Counter
                0x00000000200001d8                Monitor_half_Battery_Voltage_Counter
                0x00000000200001dc                F_Unlock_Door
                0x00000000200001e0                Monitor_high_Battery_Voltage_Counter
 .bss           0x00000000200001e4        0x8 ./Src/User_Application.o
                0x00000000200001e4                Hours_count
                0x00000000200001e8                Min_count
 .bss           0x00000000200001ec        0x4 ./Src/User_Beacon.o
                0x00000000200001ec                kk
 .bss           0x00000000200001f0       0x1f ./Src/User_Buzzer.o
                0x00000000200001f0                PWM_Tone_Part
                0x00000000200001f4                PWM_Time_Counter
                0x00000000200001f8                F_Buzzer_Tune4
                0x00000000200001f9                PWM_Buzzer_Counter
                0x00000000200001fa                F_Start_Buzzer_Beep
                0x00000000200001fb                Buzzer_Beep_Counter
                0x00000000200001fc                F_Start_PWM_Buzzer_For_Key
                0x00000000200001fd                F_Start_Buzzer_Beep_For_Key
                0x00000000200001fe                F_Start_PWM_Buzzer_Long_Beep_For_Key
                0x00000000200001ff                F_Buzzer_Tune9
                0x0000000020000200                F_Buzzer_Beep1
                0x0000000020000201                F_Buzzer_Tune1
                0x0000000020000202                F_Temporary_Mute
                0x0000000020000203                F_Wait_For_Unlock_Buzzer
                0x0000000020000204                F_Buzzer_Tune2
                0x0000000020000205                F_Buzzer_Melody1
                0x0000000020000206                F_Buzzer_Beep2
                0x0000000020000207                F_Buzzer_Melody2
                0x0000000020000208                F_Buzzer_Tune3
                0x0000000020000209                F_Buzzer_Tune5
                0x000000002000020a                F_Buzzer_Tune6
                0x000000002000020b                F_Buzzer_Tune7
                0x000000002000020c                F_Buzzer_Tune8
                0x000000002000020d                F_Buzzer_Beep3
                0x000000002000020e                F_Buzzer_Beep4
 *fill*         0x000000002000020f        0x1 
 .bss           0x0000000020000210       0x34 ./Src/User_ISRs.o
                0x0000000020000210                header_index
                0x0000000020000214                lpusart_1_Rx_Index
                0x0000000020000218                image_index
                0x000000002000021c                crc_index
                0x0000000020000220                footer_index
                0x0000000020000224                Frame_number
                0x0000000020000228                test_Rx_Index
                0x000000002000022c                Rx_Index
                0x0000000020000230                usart_1_Rx_Index
                0x0000000020000234                rx_index
                0x0000000020000238                Previouse_frame_number
                0x000000002000023c                usart_1_pair_Index
                0x0000000020000240                Tag_index
 .bss           0x0000000020000244       0x14 ./Src/stm32l0xx_it.o
                0x0000000020000244                Counter_Response_Time
                0x0000000020000248                Ble_Connect_Counter_Response_Time
                0x000000002000024c                Communication_timeout_counter
                0x0000000020000250                Start_vibrator_motor_counter
                0x0000000020000254                Start_ext_counter
 .bss           0x0000000020000258        0x8 ./Src/syscalls.o
                0x000000002000025c                __env
 *(.bss*)
 .bss.__malloc_free_list
                0x0000000020000260        0x4 c:/st/stm32cubeide_1.8.0/stm32cubeide/plugins/com.st.stm32cube.ide.mcu.externaltools.gnu-tools-for-stm32.9-2020-q2-update.win32_2.0.0.202105311346/tools/bin/../lib/gcc/arm-none-eabi/9.3.1/../../../../arm-none-eabi/lib/thumb/v6-m/nofp\libc_nano.a(lib_a-nano-mallocr.o)
                0x0000000020000260                __malloc_free_list
 .bss.__malloc_sbrk_start
                0x0000000020000264        0x4 c:/st/stm32cubeide_1.8.0/stm32cubeide/plugins/com.st.stm32cube.ide.mcu.externaltools.gnu-tools-for-stm32.9-2020-q2-update.win32_2.0.0.202105311346/tools/bin/../lib/gcc/arm-none-eabi/9.3.1/../../../../arm-none-eabi/lib/thumb/v6-m/nofp\libc_nano.a(lib_a-nano-mallocr.o)
                0x0000000020000264                __malloc_sbrk_start
 *(COMMON)
 COMMON         0x0000000020000268        0x4 ./Drivers/STM32L0xx_HAL_Driver/Src/stm32l0xx_hal.o
                0x0000000020000268                uwTick
 COMMON         0x000000002000026c       0xd4 ./Src/ED037TC2.o
                0x000000002000026c                LPUART1_Receive_Buffer
                0x00000000200002f8                Send_cmd_Error_Cnt
                0x00000000200002fc                byte_counter
                0x0000000020000300                Custom_delay
                0x0000000020000304                UART_1_Transmit_Buffer
                0x0000000020000336                BLE_CONNECTED
                0x0000000020000338                flags
 COMMON         0x0000000020000340       0x7c ./Src/User_ADC.o
                0x0000000020000340                ADC_Average
                0x0000000020000348                ADCTotalSum
                0x0000000020000350                Battery_Voltage
                0x0000000020000358                ADC_Sample
                0x00000000200003a8                Converted_ADC_Value
                0x00000000200003b0                Monitor_full_Battery_Voltage_Counter
                0x00000000200003b4                Sample_Number
                0x00000000200003b8                ADC_Count
 COMMON         0x00000000200003bc       0xab ./Src/User_Application.o
                0x00000000200003bc                j
                0x00000000200003c0                k
                0x00000000200003c4                z
                0x00000000200003c8                i
                0x00000000200003cc                huart1
                0x0000000020000450                y
                0x0000000020000454                Test_byte
                0x0000000020000458                LPUART_1_Transmit_Buffer
 *fill*         0x0000000020000467        0x1 
 COMMON         0x0000000020000468       0x70 ./Src/User_Beacon.o
                0x0000000020000468                MAC_buffer
                0x0000000020000470                content
                0x000000002000047c                passkey_6
                0x0000000020000480                temp_val
                0x0000000020000484                passkey_1
                0x0000000020000488                Test_123
                0x0000000020000494                passkey_2
                0x0000000020000498                passkey_5
                0x000000002000049c                MAC_ADD
                0x00000000200004a8                passkey_4
                0x00000000200004ac                passkey_3
                0x00000000200004b0                Send_MAC_ADD
                0x00000000200004cc                Test_1234
 COMMON         0x00000000200004d8       0x2b ./Src/User_CRC.o
                0x00000000200004d8                Calculated_CRC16
                0x00000000200004da                Calc_Checksum
                0x00000000200004dc                CRC_arr
                0x00000000200004e0                CRC_C1
                0x00000000200004f4                x_CRC
                0x00000000200004f6                CRC_Initial_Value
                0x00000000200004f8                CRC_size
                0x00000000200004fc                y_CRC
                0x0000000020000500                CRC_Value
                0x0000000020000502                CRC_final
 *fill*         0x0000000020000503        0x1 
 COMMON         0x0000000020000504     0x42e3 ./Src/User_ISRs.o
                0x0000000020000504                LPUART1_Header
                0x0000000020000508                LPUART1_Image_Data_Buffer
                0x00000000200046ac                hlpuart1
                0x0000000020004730                Frame_count
                0x0000000020004734                LPUART1_Time
                0x000000002000473c                UART1_Footer
                0x0000000020004740                LPUART1_CRC
                0x0000000020004744                UART1_Header
                0x0000000020004748                LPUART1_Image_Buffer1
                0x00000000200047d8                usart_1_Rx_Data
                0x00000000200047dc                UART1_CRC
                0x00000000200047e0                lpuart_1_Rx_Data
                0x00000000200047e4                LPUART1_Footer
                0x00000000200047e6                check_ble_command_response
 *fill*         0x00000000200047e7        0x1 
 COMMON         0x00000000200047e8       0xa4 ./Src/adc.o
                0x00000000200047e8                hdma_adc
                0x0000000020004830                hadc
 COMMON         0x000000002000488c       0x5d ./Src/main.o
                0x000000002000488c                Test_byte1
                0x0000000020004890                BLE_Counter
                0x00000000200048b4                hrtc
                0x00000000200048d8                ADC_Counter
                0x00000000200048e8                Key_status
 *fill*         0x00000000200048e9        0x3 
 COMMON         0x00000000200048ec       0x58 ./Src/spi.o
                0x00000000200048ec                hspi1
 COMMON         0x0000000020004944       0x80 ./Src/tim.o
                0x0000000020004944                htim3
                0x0000000020004984                htim6
 COMMON         0x00000000200049c4        0x4 c:/st/stm32cubeide_1.8.0/stm32cubeide/plugins/com.st.stm32cube.ide.mcu.externaltools.gnu-tools-for-stm32.9-2020-q2-update.win32_2.0.0.202105311346/tools/bin/../lib/gcc/arm-none-eabi/9.3.1/../../../../arm-none-eabi/lib/thumb/v6-m/nofp\libc_nano.a(lib_a-reent.o)
                0x00000000200049c4                errno
 COMMON         0x00000000200049c8        0x9 c:/st/stm32cubeide_1.8.0/stm32cubeide/plugins/com.st.stm32cube.ide.mcu.externaltools.gnu-tools-for-stm32.9-2020-q2-update.win32_2.0.0.202105311346/tools/bin/../lib/gcc/arm-none-eabi/9.3.1/../../../../arm-none-eabi/lib/thumb/v6-m/nofp\libc_nano.a(lib_a-lock.o)
                0x00000000200049c8                __lock___atexit_recursive_mutex
                0x00000000200049c9                __lock___arc4random_mutex
                0x00000000200049ca                __lock___env_recursive_mutex
                0x00000000200049cb                __lock___sinit_recursive_mutex
                0x00000000200049cc                __lock___malloc_recursive_mutex
                0x00000000200049cd                __lock___at_quick_exit_mutex
                0x00000000200049ce                __lock___dd_hash_mutex
                0x00000000200049cf                __lock___tz_mutex
                0x00000000200049d0                __lock___sfp_recursive_mutex
                0x00000000200049d4                . = ALIGN (0x4)
 *fill*         0x00000000200049d1        0x3 
                0x00000000200049d4                _ebss = .
                0x00000000200049d4                __bss_end__ = _ebss

._user_heap_stack
                0x00000000200049d4      0x604 load address 0x0000000008010fb8
                0x00000000200049d8                . = ALIGN (0x8)
 *fill*         0x00000000200049d4        0x4 
                0x00000000200049d8                PROVIDE (end = .)
                [!provide]                        PROVIDE (_end = .)
                0x0000000020004bd8                . = (. + _Min_Heap_Size)
 *fill*         0x00000000200049d8      0x200 
                0x0000000020004fd8                . = (. + _Min_Stack_Size)
 *fill*         0x0000000020004bd8      0x400 
                0x0000000020004fd8                . = ALIGN (0x8)

/DISCARD/
 libc.a(*)
 libm.a(*)
 libgcc.a(*)

.ARM.attributes
                0x0000000000000000       0x28
 *(.ARM.attributes)
 .ARM.attributes
                0x0000000000000000       0x1e c:/st/stm32cubeide_1.8.0/stm32cubeide/plugins/com.st.stm32cube.ide.mcu.externaltools.gnu-tools-for-stm32.9-2020-q2-update.win32_2.0.0.202105311346/tools/bin/../lib/gcc/arm-none-eabi/9.3.1/thumb/v6-m/nofp/crti.o
 .ARM.attributes
                0x000000000000001e       0x2c c:/st/stm32cubeide_1.8.0/stm32cubeide/plugins/com.st.stm32cube.ide.mcu.externaltools.gnu-tools-for-stm32.9-2020-q2-update.win32_2.0.0.202105311346/tools/bin/../lib/gcc/arm-none-eabi/9.3.1/thumb/v6-m/nofp/crtbegin.o
 .ARM.attributes
                0x000000000000004a       0x2c ./Drivers/STM32L0xx_HAL_Driver/Src/stm32l0xx_hal.o
 .ARM.attributes
                0x0000000000000076       0x2c ./Drivers/STM32L0xx_HAL_Driver/Src/stm32l0xx_hal_adc.o
 .ARM.attributes
                0x00000000000000a2       0x2c ./Drivers/STM32L0xx_HAL_Driver/Src/stm32l0xx_hal_adc_ex.o
 .ARM.attributes
                0x00000000000000ce       0x2c ./Drivers/STM32L0xx_HAL_Driver/Src/stm32l0xx_hal_cortex.o
 .ARM.attributes
                0x00000000000000fa       0x2c ./Drivers/STM32L0xx_HAL_Driver/Src/stm32l0xx_hal_dma.o
 .ARM.attributes
                0x0000000000000126       0x2c ./Drivers/STM32L0xx_HAL_Driver/Src/stm32l0xx_hal_gpio.o
 .ARM.attributes
                0x0000000000000152       0x2c ./Drivers/STM32L0xx_HAL_Driver/Src/stm32l0xx_hal_pwr.o
 .ARM.attributes
                0x000000000000017e       0x2c ./Drivers/STM32L0xx_HAL_Driver/Src/stm32l0xx_hal_pwr_ex.o
 .ARM.attributes
                0x00000000000001aa       0x2c ./Drivers/STM32L0xx_HAL_Driver/Src/stm32l0xx_hal_rcc.o
 .ARM.attributes
                0x00000000000001d6       0x2c ./Drivers/STM32L0xx_HAL_Driver/Src/stm32l0xx_hal_rcc_ex.o
 .ARM.attributes
                0x0000000000000202       0x2c ./Drivers/STM32L0xx_HAL_Driver/Src/stm32l0xx_hal_rtc.o
 .ARM.attributes
                0x000000000000022e       0x2c ./Drivers/STM32L0xx_HAL_Driver/Src/stm32l0xx_hal_rtc_ex.o
 .ARM.attributes
                0x000000000000025a       0x2c ./Drivers/STM32L0xx_HAL_Driver/Src/stm32l0xx_hal_spi.o
 .ARM.attributes