main.c:2020:6:Disable_Peripheral_Clocks	0	static
main.c:2036:6:Enable_Peripheral_Clocks	16	static
main.c:2052:6:Prepare_To_Enter_Stop2_Mode	8	static
main.c:2109:6:fast_blink	16	static
main.c:2116:6:Slow_blink	16	static
main.c:2128:5:hex_to_dec	32	static
main.c:2226:6:HAL_RTC_AlarmAEventCallback	16	static
main.c:2234:6:HAL_RTCEx_AlarmBEventCallback	0	static
main.c:2261:5:passkey_Sum	16	static
main.c:2283:6:Init_ADC	8	static
main.c:2292:6:DeInit_ADC	8	static
main.c:2297:6:HAL_RTCEx_WakeUpTimerEventCallback	0	static
main.c:2626:6:SystemClock_Config	136	static
main.c:2071:6:Exit_Stop2_Mode	16	static
main.c:2147:6:RTC_Alarm_A_Wakeup	64	static
main.c:2204:6:RTC_Alarm_B_Wakeup	56	static
main.c:2310:5:main	48	static
main.c:2708:6:Error_Handler	0	static
