main.c:1533:6:Disable_Peripheral_Clocks	0	static
main.c:1549:6:Enable_Peripheral_Clocks	16	static
main.c:1565:6:Prepare_To_Enter_Stop2_Mode	8	static
main.c:1620:6:fast_blink	16	static
main.c:1627:6:Slow_blink	16	static
main.c:1639:5:hex_to_dec	32	static
main.c:1739:6:HAL_RTC_AlarmAEventCallback	16	static
main.c:1747:6:HAL_RTCEx_AlarmBEventCallback	0	static
main.c:1774:5:passkey_Sum	16	static
main.c:1796:6:Init_ADC	8	static
main.c:1805:6:DeInit_ADC	8	static
main.c:1810:6:HAL_RTCEx_WakeUpTimerEventCallback	0	static
main.c:2134:6:SystemClock_Config	136	static
main.c:1584:6:Exit_Stop2_Mode	16	static
main.c:1658:6:RTC_Alarm_A_Wakeup	64	static
main.c:1718:6:RTC_Alarm_B_Wakeup	56	static
main.c:1823:5:main	40	static
main.c:2216:6:Error_Handler	0	static
