stm32l0xx_it.c:88:6:NMI_Handler	0	static
stm32l0xx_it.c:101:6:HardFault_Handler	0	static
stm32l0xx_it.c:116:6:SVC_Handler	0	static
stm32l0xx_it.c:129:6:PendSV_Handler	0	static
stm32l0xx_it.c:142:6:SysTick_Handler	8	static
stm32l0xx_it.c:297:6:RTC_IRQHandler	8	static
stm32l0xx_it.c:312:6:EXTI4_15_IRQHandler	8	static
stm32l0xx_it.c:333:6:DMA1_Channel1_IRQHandler	8	static
stm32l0xx_it.c:347:6:ADC1_COMP_IRQHandler	8	static
stm32l0xx_it.c:361:6:TIM3_IRQHandler	8	static
stm32l0xx_it.c:375:6:TIM6_DAC_IRQHandler	8	static
stm32l0xx_it.c:389:6:SPI1_IRQHandler	8	static
stm32l0xx_it.c:403:6:USART1_IRQHandler	8	static
stm32l0xx_it.c:417:6:RNG_LPUART1_IRQHandler	8	static
