User_Buzzer.c:99:6:Start_PWM_Buzzer	8	static
User_Buzzer.c:115:6:Stop_Buzzer	8	static
User_Buzzer.c:130:6:Configure_PWM_uS	16	static
User_Buzzer.c:143:6:Execute_Buzzer_Tune4	16	static
User_Buzzer.c:224:6:Initiate_Buzzer_Tune4	0	static
User_Buzzer.c:244:6:Initiate_Buzzer_Tune9	0	static
User_Buzzer.c:265:6:Execute_Buzzer_Tune9	16	static
User_Buzzer.c:308:6:Initiate_Buzzer_Beep1	8	static
User_Buzzer.c:322:6:Execute_Buzzer_Beep1	16	static
User_Buzzer.c:348:6:Initiate_Buzzer_Tune1	0	static
User_Buzzer.c:362:6:Execute_Buzzer_Tune1	16	static
User_Buzzer.c:440:6:Initiate_Buzzer_Tune2	0	static
User_Buzzer.c:454:6:Execute_Buzzer_Tune2	16	static
User_Buzzer.c:495:6:Initiate_Buzzer_Melody1	8	static
User_Buzzer.c:509:6:Exit_Buzzer_Melody1	8	static
User_Buzzer.c:524:6:Execute_Buzzer_Melody1	8	static
User_Buzzer.c:589:6:Initiate_Buzzer_Beep2	0	static
User_Buzzer.c:603:6:Execute_Buzzer_Beep2	8	static
User_Buzzer.c:639:6:Initiate_Buzzer_Melody2	0	static
User_Buzzer.c:653:6:Exit_Buzzer_Melody2	8	static
User_Buzzer.c:668:6:Execute_Buzzer_Melody2	8	static
User_Buzzer.c:803:6:Initiate_Buzzer_Tune3	0	static
User_Buzzer.c:817:6:Execute_Buzzer_Tune3	16	static
User_Buzzer.c:914:6:Initiate_Buzzer_Tune5	0	static
User_Buzzer.c:929:6:Execute_Buzzer_Tune5	16	static
User_Buzzer.c:1034:6:Initiate_Buzzer_Tune6	0	static
User_Buzzer.c:1048:6:Execute_Buzzer_Tune6	16	static
User_Buzzer.c:1078:6:Initiate_Buzzer_Tune7	0	static
User_Buzzer.c:1092:6:Execute_Buzzer_Tune7	16	static
User_Buzzer.c:1134:6:Initiate_Buzzer_Tune8	0	static
User_Buzzer.c:1148:6:Execute_Buzzer_Tune8	16	static
User_Buzzer.c:1190:6:Initiate_Buzzer_Beep3	0	static
User_Buzzer.c:1205:6:Execute_Buzzer_Beep3	8	static
User_Buzzer.c:1254:6:Initiate_Buzzer_Beep4	0	static
User_Buzzer.c:1268:6:Execute_Buzzer_Beep4	8	static
User_Buzzer.c:1330:6:Clear_Buzzer_Alarm_Flags	0	static
